[    0.000000] Initializing cgroup subsys cpuset
[    0.000000] Initializing cgroup subsys cpu
[    0.000000] Initializing cgroup subsys cpuacct
[    0.000000] Linux version 4.2.0 (root@jhh-OptiPlex-3020) (gcc version 4.8.4 (Ubuntu 4.8.4-2ubuntu1~14.04.3) ) #1 SMP Wed Sep 6 20:30:54 CST 2017
[    0.000000] Command line: BOOT_IMAGE=/boot/vmlinuz-4.2.0 root=UUID=12346265-a0b2-4d17-92dc-3cbc401fc0bb ro quiet splash
[    0.000000] KERNEL supported cpus:
[    0.000000]   Intel GenuineIntel
[    0.000000]   AMD AuthenticAMD
[    0.000000]   Centaur CentaurHauls
[    0.000000] x86/fpu: xstate_offset[2]: 0240, xstate_sizes[2]: 0100
[    0.000000] x86/fpu: Supporting XSAVE feature 0x01: 'x87 floating point registers'
[    0.000000] x86/fpu: Supporting XSAVE feature 0x02: 'SSE registers'
[    0.000000] x86/fpu: Supporting XSAVE feature 0x04: 'AVX registers'
[    0.000000] x86/fpu: Enabled xstate features 0x7, context size is 0x340 bytes, using 'standard' format.
[    0.000000] x86/fpu: Using 'eager' FPU context switches.
[    0.000000] e820: BIOS-provided physical RAM map:
[    0.000000] BIOS-e820: [mem 0x0000000000000000-0x000000000009d6f9] usable
[    0.000000] BIOS-e820: [mem 0x000000000009d800-0x000000000009ffff] reserved
[    0.000000] BIOS-e820: [mem 0x00000000000e0000-0x00000000000fffff] reserved
[    0.000000] BIOS-e820: [mem 0x0000000000100000-0x00000000c9bfffff] usable
[    0.000000] BIOS-e820: [mem 0x00000000d1e4b000-0x00000000d1e51fff] ACPI NVS
[    0.000000] BIOS-e820: [mem 0x00000000d1e52000-0x00000000d2286fff] usable
[    0.000000] BIOS-e820: [mem 0x00000000d2287000-0x00000000d26acfff] reserved
[    0.000000] BIOS-e820: [mem 0x00000000d26ad000-0x00000000d7ee3fff] usable
[    0.000000] BIOS-e820: [mem 0x00000000d7ee4000-0x00000000d7ffffff] reserved
[    0.000000] BIOS-e820: [mem 0x00000000d8000000-0x00000000d875dfff] usable
[    0.000000] BIOS-e820: [mem 0x00000000d875e000-0x00000000d87fffff] reserved
[    0.000000] BIOS-e820: [mem 0x00000000d8800000-0x00000000d8fadfff] usable
[    0.000000] BIOS-e820: [mem 0x00000000d8fae000-0x00000000d8ffffff] ACPI data
[    0.000000] BIOS-e820: [mem 0x00000000d9000000-0x00000000da71dfff] usable
[    0.000000] BIOS-e820: [mem 0x00000000da71e000-0x00000000da7fffff] ACPI NVS
[    0.000000] BIOS-e820: [mem 0x00000000da800000-0x00000000db80efff] usable
[    0.000000] BIOS-e820: [mem 0x00000000db80f000-0x00000000dbffffff] reserved
[    0.000000] BIOS-e820: [mem 0x00000000dd000000-0x00000000df1fffff] reserved
[    0.000000] BIOS-e820: [mem 0x00000000f8000000-0x00000000fbffffff] reserved
[    0.000000] BIOS-e820: [mem 0x00000000fec00000-0x00000000fec00fff] reserved
[    0.000000] BIOS-e820: [mem 0x00000000fed00000-0x00000000fed03fff] reserved
[    0.000000] BIOS-e820: [mem 0x00000000fed1c000-0x00000000fed1ffff] reserved
[    0.000000] BIOS-e820: [mem 0x00000000fee00000-0x00000000fee00fff] reserved
[    0.000000] BIOS-e820: [mem 0x00000000ff000000-0x00000000ffffffff] reserved
[    0.000000] BIOS-e820: [mem 0x0000000100000000-0x000000021fdfffff] usable
[    0.000000] NX (Execute Disable) protection: active
[    0.000000] SMBIOS 2.7 present.
[    0.000000] DMI: Dell Inc. OptiPlex 3020/040DDP, BIOS A09 07/27/2015
[    0.000000] e820: update [mem 0x00000000-0x00000fff] usable ==> reserved
[    0.000000] e820: remove [mem 0x000a0000-0x000fffff] usable
[    0.000000] e820: last_pfn = 0x21fe00 max_arch_pfn = 0x400000000
[    0.000000] MTRR default type: uncachable
[    0.000000] MTRR fixed ranges enabled:
[    0.000000]   00000-9FFFF write-back
[    0.000000]   A0000-BFFFF uncachable
[    0.000000]   C0000-D3FFF write-protect
[    0.000000]   D4000-E7FFF uncachable
[    0.000000]   E8000-FFFFF write-protect
[    0.000000] MTRR variable ranges enabled:
[    0.000000]   0 base 0000000000 mask 7E00000000 write-back
[    0.000000]   1 base 0200000000 mask 7FE0000000 write-back
[    0.000000]   2 base 00E0000000 mask 7FE0000000 uncachable
[    0.000000]   3 base 00DE000000 mask 7FFE000000 uncachable
[    0.000000]   4 base 00DD000000 mask 7FFF000000 uncachable
[    0.000000]   5 base 021FE00000 mask 7FFFE00000 uncachable
[    0.000000]   6 disabled
[    0.000000]   7 disabled
[    0.000000]   8 disabled
[    0.000000]   9 disabled
[    0.000000] x86/PAT: Configuration [0-7]: WB  WC  UC- UC  WB  WC  UC- WT  
[    0.000000] original variable MTRRs
[    0.000000] reg 0, base: 0GB, range: 8GB, type WB
[    0.000000] reg 1, base: 8GB, range: 512MB, type WB
[    0.000000] reg 2, base: 3584MB, range: 512MB, type UC
[    0.000000] reg 3, base: 3552MB, range: 32MB, type UC
[    0.000000] reg 4, base: 3536MB, range: 16MB, type UC
[    0.000000] reg 5, base: 8702MB, range: 2MB, type UC
[    0.000000] total RAM covered: 8142M
[    0.000000] Found optimal setting for mtrr clean up
[    0.000000]  gran_size: 64K 	chunk_size: 64M 	num_reg: 8  	lose cover RAM: 0G
[    0.000000] New variable MTRRs
[    0.000000] reg 0, base: 0GB, range: 2GB, type WB
[    0.000000] reg 1, base: 2GB, range: 1GB, type WB
[    0.000000] reg 2, base: 3GB, range: 512MB, type WB
[    0.000000] reg 3, base: 3536MB, range: 16MB, type UC
[    0.000000] reg 4, base: 3552MB, range: 32MB, type UC
[    0.000000] reg 5, base: 4GB, range: 4GB, type WB
[    0.000000] reg 6, base: 8GB, range: 512MB, type WB
[    0.000000] reg 7, base: 8702MB, range: 2MB, type UC
[    0.000000] e820: update [mem 0xdd000000-0xffffffff] usable ==> reserved
[    0.000000] e820: last_pfn = 0xdb80f max_arch_pfn = 0x400000000
[    0.000000] found SMP MP-table at [mem 0x000fd8f0-0x000fd8ff] mapped at [ffff8800000fd8f0]
[    0.000000] Scanning 1 areas for low memory corruption
[    0.000000] Base memory trampoline at [ffff880000097000] 97000 size 24576
[    0.000000] Using GB pages for direct mapping
[    0.000000] init_memory_mapping: [mem 0x00000000-0x000fffff]
[    0.000000]  [mem 0x00000000-0x000fffff] page 4k
[    0.000000] BRK [0x01fef000, 0x01feffff] PGTABLE
[    0.000000] BRK [0x01ff0000, 0x01ff0fff] PGTABLE
[    0.000000] BRK [0x01ff1000, 0x01ff1fff] PGTABLE
[    0.000000] init_memory_mapping: [mem 0x21fc00000-0x21fdfffff]
[    0.000000]  [mem 0x21fc00000-0x21fdfffff] page 2M
[    0.000000] BRK [0x01ff2000, 0x01ff2fff] PGTABLE
[    0.000000] init_memory_mapping: [mem 0x200000000-0x21fbfffff]
[    0.000000]  [mem 0x200000000-0x21fbfffff] page 2M
[    0.000000] init_memory_mapping: [mem 0x1e0000000-0x1ffffffff]
[    0.000000]  [mem 0x1e0000000-0x1ffffffff] page 1G
[    0.000000] init_memory_mapping: [mem 0x00100000-0xc9bfffff]
[    0.000000]  [mem 0x00100000-0x001fffff] page 4k
[    0.000000]  [mem 0x00200000-0x3fffffff] page 2M
[    0.000000]  [mem 0x40000000-0xbfffffff] page 1G
[    0.000000]  [mem 0xc0000000-0xc9bfffff] page 2M
[    0.000000] init_memory_mapping: [mem 0xd1e52000-0xd2286fff]
[    0.000000]  [mem 0xd1e52000-0xd1ffffff] page 4k
[    0.000000]  [mem 0xd2000000-0xd21fffff] page 2M
[    0.000000]  [mem 0xd2200000-0xd2286fff] page 4k
[    0.000000] BRK [0x01ff3000, 0x01ff3fff] PGTABLE
[    0.000000] BRK [0x01ff4000, 0x01ff4fff] PGTABLE
[    0.000000] init_memory_mapping: [mem 0xd26ad000-0xd7ee3fff]
[    0.000000]  [mem 0xd26ad000-0xd27fffff] page 4k
[    0.000000]  [mem 0xd2800000-0xd7dfffff] page 2M
[    0.000000]  [mem 0xd7e00000-0xd7ee3fff] page 4k
[    0.000000] init_memory_mapping: [mem 0xd8000000-0xd875dfff]
[    0.000000]  [mem 0xd8000000-0xd85fffff] page 2M
[    0.000000]  [mem 0xd8600000-0xd875dfff] page 4k
[    0.000000] init_memory_mapping: [mem 0xd8800000-0xd8fadfff]
[    0.000000]  [mem 0xd8800000-0xd8dfffff] page 2M
[    0.000000]  [mem 0xd8e00000-0xd8fadfff] page 4k
[    0.000000] init_memory_mapping: [mem 0xd9000000-0xda71dfff]
[    0.000000]  [mem 0xd9000000-0xda5fffff] page 2M
[    0.000000]  [mem 0xda600000-0xda71dfff] page 4k
[    0.000000] init_memory_mapping: [mem 0xda800000-0xdb80efff]
[    0.000000]  [mem 0xda800000-0xdb7fffff] page 2M
[    0.000000]  [mem 0xdb800000-0xdb80efff] page 4k
[    0.000000] init_memory_mapping: [mem 0x100000000-0x1dfffffff]
[    0.000000]  [mem 0x100000000-0x1dfffffff] page 1G
[    0.000000] RAMDISK: [mem 0x23892000-0x2dc40fff]
[    0.000000] ACPI: Early table checksum verification disabled
[    0.000000] ACPI: RSDP 0x00000000000F0490 000024 (v02 DELL  )
[    0.000000] ACPI: XSDT 0x00000000D8FEE080 000084 (v01 DELL   CBX3     01072009 AMI  00010013)
[    0.000000] ACPI: FACP 0x00000000D8FFA458 00010C (v05 DELL   CBX3     01072009 AMI  00010013)
[    0.000000] ACPI: DSDT 0x00000000D8FEE198 00C2BE (v02 DELL   CBX3     00000014 INTL 20091112)
[    0.000000] ACPI: FACS 0x00000000DA7FE080 000040
[    0.000000] ACPI: APIC 0x00000000D8FFA568 00005A (v03 DELL   CBX3     01072009 AMI  00010013)
[    0.000000] ACPI: FPDT 0x00000000D8FFA5C8 000044 (v01 DELL   CBX3     01072009 AMI  00010013)
[    0.000000] ACPI: SLIC 0x00000000D8FFA610 000176 (v03 DELL   CBX3     01072009 MSFT 00010013)
[    0.000000] ACPI: SSDT 0x00000000D8FFA788 000539 (v01 PmRef  Cpu0Ist  00003000 INTL 20120711)
[    0.000000] ACPI: SSDT 0x00000000D8FFACC8 0003D3 (v01 PmRef  Cpu0Cst  00003001 INTL 20120711)
[    0.000000] ACPI: SSDT 0x00000000D8FFB0A0 000AD8 (v01 PmRef  CpuPm    00003000 INTL 20120711)
[    0.000000] ACPI: SSDT 0x00000000D8FFBB78 0001C7 (v01 PmRef  LakeTiny 00003000 INTL 20120711)
[    0.000000] ACPI: HPET 0x00000000D8FFBD40 000038 (v01 DELL   CBX3     01072009 AMI. 00000005)
[    0.000000] ACPI: SSDT 0x00000000D8FFBD78 00036D (v01 SataRe SataTabl 00001000 INTL 20120711)
[    0.000000] ACPI: MCFG 0x00000000D8FFC0E8 00003C (v01 DELL   CBX3     01072009 MSFT 00000097)
[    0.000000] ACPI: SSDT 0x00000000D8FFC128 003528 (v01 SaSsdt SaSsdt   00003000 INTL 20091112)
[    0.000000] ACPI: Local APIC address 0xfee00000
[    0.000000] No NUMA configuration found
[    0.000000] Faking a node at [mem 0x0000000000000000-0x000000021fdfffff]
[    0.000000] NODE_DATA(0) allocated [mem 0x21fdf4000-0x21fdf8fff]
[    0.000000]  [ffffea0000000000-ffffea00087fffff] PMD -> [ffff880217400000-ffff88021f3fffff] on node 0
[    0.000000] Zone ranges:
[    0.000000]   DMA      [mem 0x0000000000001000-0x0000000000ffffff]
[    0.000000]   DMA32    [mem 0x0000000001000000-0x00000000ffffffff]
[    0.000000]   Normal   [mem 0x0000000100000000-0x000000021fdfffff]
[    0.000000] Movable zone start for each node
[    0.000000] Early memory node ranges
[    0.000000]   node   0: [mem 0x0000000000001000-0x000000000009cfff]
[    0.000000]   node   0: [mem 0x0000000000100000-0x00000000c9bfffff]
[    0.000000]   node   0: [mem 0x00000000d1e52000-0x00000000d2286fff]
[    0.000000]   node   0: [mem 0x00000000d26ad000-0x00000000d7ee3fff]
[    0.000000]   node   0: [mem 0x00000000d8000000-0x00000000d875dfff]
[    0.000000]   node   0: [mem 0x00000000d8800000-0x00000000d8fadfff]
[    0.000000]   node   0: [mem 0x00000000d9000000-0x00000000da71dfff]
[    0.000000]   node   0: [mem 0x00000000da800000-0x00000000db80efff]
[    0.000000]   node   0: [mem 0x0000000100000000-0x000000021fdfffff]
[    0.000000] Initmem setup node 0 [mem 0x0000000000001000-0x000000021fdfffff]
[    0.000000] On node 0 totalpages: 2042945
[    0.000000]   DMA zone: 64 pages used for memmap
[    0.000000]   DMA zone: 21 pages reserved
[    0.000000]   DMA zone: 3996 pages, LIFO batch:0
[    0.000000]   DMA32 zone: 13435 pages used for memmap
[    0.000000]   DMA32 zone: 859813 pages, LIFO batch:31
[    0.000000]   Normal zone: 18424 pages used for memmap
[    0.000000]   Normal zone: 1179136 pages, LIFO batch:31
[    0.000000] Reserving Intel graphics stolen memory at 0xdd200000-0xdf1fffff
[    0.000000] ACPI: PM-Timer IO Port: 0x1808
[    0.000000] ACPI: Local APIC address 0xfee00000
[    0.000000] ACPI: LAPIC_NMI (acpi_id[0xff] high edge lint[0x1])
[    0.000000] IOAPIC[0]: apic_id 8, version 32, address 0xfec00000, GSI 0-23
[    0.000000] ACPI: INT_SRC_OVR (bus 0 bus_irq 0 global_irq 2 dfl dfl)
[    0.000000] ACPI: INT_SRC_OVR (bus 0 bus_irq 9 global_irq 9 high level)
[    0.000000] ACPI: IRQ0 used by override.
[    0.000000] ACPI: IRQ9 used by override.
[    0.000000] Using ACPI (MADT) for SMP configuration information
[    0.000000] ACPI: HPET id: 0x8086a701 base: 0xfed00000
[    0.000000] smpboot: Allowing 1 CPUs, 0 hotplug CPUs
[    0.000000] PM: Registered nosave memory: [mem 0x00000000-0x00000fff]
[    0.000000] PM: Registered nosave memory: [mem 0x0009d000-0x0009dfff]
[    0.000000] PM: Registered nosave memory: [mem 0x0009e000-0x0009ffff]
[    0.000000] PM: Registered nosave memory: [mem 0x000a0000-0x000dffff]
[    0.000000] PM: Registered nosave memory: [mem 0x000e0000-0x000fffff]
[    0.000000] PM: Registered nosave memory: [mem 0xc9c00000-0xd1e4afff]
[    0.000000] PM: Registered nosave memory: [mem 0xd1e4b000-0xd1e51fff]
[    0.000000] PM: Registered nosave memory: [mem 0xd2287000-0xd26acfff]
[    0.000000] PM: Registered nosave memory: [mem 0xd7ee4000-0xd7ffffff]
[    0.000000] PM: Registered nosave memory: [mem 0xd875e000-0xd87fffff]
[    0.000000] PM: Registered nosave memory: [mem 0xd8fae000-0xd8ffffff]
[    0.000000] PM: Registered nosave memory: [mem 0xda71e000-0xda7fffff]
[    0.000000] PM: Registered nosave memory: [mem 0xdb80f000-0xdbffffff]
[    0.000000] PM: Registered nosave memory: [mem 0xdc000000-0xdcffffff]
[    0.000000] PM: Registered nosave memory: [mem 0xdd000000-0xdf1fffff]
[    0.000000] PM: Registered nosave memory: [mem 0xdf200000-0xf7ffffff]
[    0.000000] PM: Registered nosave memory: [mem 0xf8000000-0xfbffffff]
[    0.000000] PM: Registered nosave memory: [mem 0xfc000000-0xfebfffff]
[    0.000000] PM: Registered nosave memory: [mem 0xfec00000-0xfec00fff]
[    0.000000] PM: Registered nosave memory: [mem 0xfec01000-0xfecfffff]
[    0.000000] PM: Registered nosave memory: [mem 0xfed00000-0xfed03fff]
[    0.000000] PM: Registered nosave memory: [mem 0xfed04000-0xfed1bfff]
[    0.000000] PM: Registered nosave memory: [mem 0xfed1c000-0xfed1ffff]
[    0.000000] PM: Registered nosave memory: [mem 0xfed20000-0xfedfffff]
[    0.000000] PM: Registered nosave memory: [mem 0xfee00000-0xfee00fff]
[    0.000000] PM: Registered nosave memory: [mem 0xfee01000-0xfeffffff]
[    0.000000] PM: Registered nosave memory: [mem 0xff000000-0xffffffff]
[    0.000000] e820: [mem 0xdf200000-0xf7ffffff] available for PCI devices
[    0.000000] Booting paravirtualized kernel on bare hardware
[    0.000000] clocksource: refined-jiffies: mask: 0xffffffff max_cycles: 0xffffffff, max_idle_ns: 7645519600211568 ns
[    0.000000] setup_percpu: NR_CPUS:256 nr_cpumask_bits:256 nr_cpu_ids:1 nr_node_ids:1
[    0.000000] PERCPU: Embedded 33 pages/cpu @ffff88021fa00000 s96344 r8192 d30632 u2097152
[    0.000000] pcpu-alloc: s96344 r8192 d30632 u2097152 alloc=1*2097152
[    0.000000] pcpu-alloc: [0] 0 
[    0.000000] Built 1 zonelists in Node order, mobility grouping on.  Total pages: 2011001
[    0.000000] Policy zone: Normal
[    0.000000] Kernel command line: BOOT_IMAGE=/boot/vmlinuz-4.2.0 root=UUID=12346265-a0b2-4d17-92dc-3cbc401fc0bb ro quiet splash
[    0.000000] PID hash table entries: 4096 (order: 3, 32768 bytes)
[    0.000000] Calgary: detecting Calgary via BIOS EBDA area
[    0.000000] Calgary: Unable to locate Rio Grande table in EBDA - bailing!
[    0.000000] Memory: 7790188K/8171780K available (7863K kernel code, 1239K rwdata, 3812K rodata, 1456K init, 1292K bss, 381592K reserved, 0K cma-reserved)
[    0.000000] SLUB: HWalign=64, Order=0-3, MinObjects=0, CPUs=1, Nodes=1
[    0.000000] Hierarchical RCU implementation.
[    0.000000] 	Build-time adjustment of leaf fanout to 64.
[    0.000000] 	RCU restricting CPUs from NR_CPUS=256 to nr_cpu_ids=1.
[    0.000000] RCU: Adjusting geometry for rcu_fanout_leaf=64, nr_cpu_ids=1
[    0.000000] NR_IRQS:16640 nr_irqs:256 16
[    0.000000] 	Offload RCU callbacks from all CPUs
[    0.000000] 	Offload RCU callbacks from CPUs: 0.
[    0.000000] Console: colour VGA+ 80x25
[    0.000000] console [tty0] enabled
[    0.000000] clocksource: hpet: mask: 0xffffffff max_cycles: 0xffffffff, max_idle_ns: 133484882848 ns
[    0.000000] hpet clockevent registered
[    0.000000] tsc: Fast TSC calibration using PIT
[    0.000000] tsc: Detected 3292.321 MHz processor
[    0.000038] Calibrating delay loop (skipped), value calculated using timer frequency.. 6584.64 BogoMIPS (lpj=13169284)
[    0.000040] pid_max: default: 32768 minimum: 301
[    0.000043] ACPI: Core revision 20150619
[    0.007310] ACPI: All ACPI Tables successfully acquired
[    0.007322] Security Framework initialized
[    0.007326] AppArmor: AppArmor initialized
[    0.007327] Yama: becoming mindful.
[    0.007648] Dentry cache hash table entries: 1048576 (order: 11, 8388608 bytes)
[    0.008691] Inode-cache hash table entries: 524288 (order: 10, 4194304 bytes)
[    0.009144] Mount-cache hash table entries: 16384 (order: 5, 131072 bytes)
[    0.009150] Mountpoint-cache hash table entries: 16384 (order: 5, 131072 bytes)
[    0.009290] Initializing cgroup subsys blkio
[    0.009293] Initializing cgroup subsys memory
[    0.009297] Initializing cgroup subsys devices
[    0.009299] Initializing cgroup subsys freezer
[    0.009300] Initializing cgroup subsys net_cls
[    0.009301] Initializing cgroup subsys perf_event
[    0.009303] Initializing cgroup subsys net_prio
[    0.009304] Initializing cgroup subsys hugetlb
[    0.009342] CPU: Physical Processor ID: 0
[    0.009342] CPU: Processor Core ID: 0
[    0.009348] ENERGY_PERF_BIAS: Set to 'normal', was 'performance'
[    0.009349] ENERGY_PERF_BIAS: View and update with x86_energy_perf_policy(8)
[    0.010063] mce: CPU supports 9 MCE banks
[    0.010074] CPU0: Thermal monitoring enabled (TM1)
[    0.010081] process: using mwait in idle threads
[    0.010084] Last level iTLB entries: 4KB 1024, 2MB 1024, 4MB 1024
[    0.010085] Last level dTLB entries: 4KB 1024, 2MB 1024, 4MB 1024, 1GB 4
[    0.016464] Freeing SMP alternatives memory: 28K (ffffffff81ea3000 - ffffffff81eaa000)
[    0.020014] ftrace: allocating 30677 entries in 120 pages
[    0.039520] x2apic: IRQ remapping doesn't support X2APIC mode
[    0.039887] ..TIMER: vector=0x30 apic1=0 pin1=2 apic2=0 pin2=0
[    0.079570] TSC deadline timer enabled
[    0.079573] smpboot: CPU0: Intel(R) Core(TM) i5-4590 CPU @ 3.30GHz (fam: 06, model: 3c, stepping: 03)
[    0.079590] Performance Events: PEBS fmt2+, 16-deep LBR, Haswell events, full-width counters, Intel PMU driver.
[    0.079605] ... version:                3
[    0.079606] ... bit width:              48
[    0.079606] ... generic registers:      8
[    0.079607] ... value mask:             0000ffffffffffff
[    0.079607] ... max period:             0000ffffffffffff
[    0.079608] ... fixed-purpose events:   3
[    0.079608] ... event mask:             00000007000000ff
[    0.080010] x86: Booted up 1 node, 1 CPUs
[    0.080011] smpboot: Total of 1 processors activated (6584.64 BogoMIPS)
[    0.080650] NMI watchdog: enabled on all CPUs, permanently consumes one hw-PMU counter.
[    0.080697] devtmpfs: initialized
[    0.082171] evm: security.selinux
[    0.082172] evm: security.SMACK64
[    0.082172] evm: security.SMACK64EXEC
[    0.082173] evm: security.SMACK64TRANSMUTE
[    0.082173] evm: security.SMACK64MMAP
[    0.082174] evm: security.ima
[    0.082174] evm: security.capability
[    0.082204] PM: Registering ACPI NVS region [mem 0xd1e4b000-0xd1e51fff] (28672 bytes)
[    0.082205] PM: Registering ACPI NVS region [mem 0xda71e000-0xda7fffff] (925696 bytes)
[    0.082252] clocksource: jiffies: mask: 0xffffffff max_cycles: 0xffffffff, max_idle_ns: 7645041785100000 ns
[    0.082295] pinctrl core: initialized pinctrl subsystem
[    0.082370] RTC time:  6:07:01, date: 09/10/17
[    0.082443] NET: Registered protocol family 16
[    0.082537] cpuidle: using governor ladder
[    0.082538] cpuidle: using governor menu
[    0.082574] ACPI FADT declares the system doesn't support PCIe ASPM, so disable it
[    0.082575] ACPI: bus type PCI registered
[    0.082576] acpiphp: ACPI Hot Plug PCI Controller Driver version: 0.5
[    0.082628] PCI: MMCONFIG for domain 0000 [bus 00-3f] at [mem 0xf8000000-0xfbffffff] (base 0xf8000000)
[    0.082630] PCI: MMCONFIG at [mem 0xf8000000-0xfbffffff] reserved in E820
[    0.082635] PCI: Using configuration type 1 for base access
[    0.082640] dmi type 0xB1 record - unknown flag
[    0.082779] NMI watchdog: enabled on all CPUs, permanently consumes one hw-PMU counter.
[    0.082781] perf_event_intel: PMU erratum BJ122, BV98, HSD29 workaround disabled, HT off
[    0.083428] ACPI: Added _OSI(Module Device)
[    0.083429] ACPI: Added _OSI(Processor Device)
[    0.083430] ACPI: Added _OSI(3.0 _SCP Extensions)
[    0.083430] ACPI: Added _OSI(Processor Aggregator Device)
[    0.085184] ACPI: Executed 1 blocks of module-level executable AML code
[    0.086579] [Firmware Bug]: ACPI: BIOS _OSI(Linux) query ignored
[    0.087207] ACPI: Interpreter enabled
[    0.087212] ACPI Exception: AE_NOT_FOUND, While evaluating Sleep State [\_S1_] (20150619/hwxface-580)
[    0.087215] ACPI Exception: AE_NOT_FOUND, While evaluating Sleep State [\_S2_] (20150619/hwxface-580)
[    0.087225] ACPI: (supports S0 S3 S4 S5)
[    0.087225] ACPI: Using IOAPIC for interrupt routing
[    0.087240] PCI: Using host bridge windows from ACPI; if necessary, use "pci=nocrs" and report a bug
[    0.092100] ACPI: Power Resource [FN00] (off)
[    0.092143] ACPI: Power Resource [FN01] (off)
[    0.092185] ACPI: Power Resource [FN02] (off)
[    0.092226] ACPI: Power Resource [FN03] (off)
[    0.092267] ACPI: Power Resource [FN04] (off)
[    0.092679] ACPI: PCI Root Bridge [PCI0] (domain 0000 [bus 00-3e])
[    0.092682] acpi PNP0A08:00: _OSC: OS supports [ExtendedConfig ASPM ClockPM Segments MSI]
[    0.275540] acpi PNP0A08:00: _OSC: OS now controls [PCIeHotplug PME AER PCIeCapability]
[    0.275541] acpi PNP0A08:00: FADT indicates ASPM is unsupported, using BIOS configuration
[    0.275816] PCI host bridge to bus 0000:00
[    0.275818] pci_bus 0000:00: root bus resource [bus 00-3e]
[    0.275820] pci_bus 0000:00: root bus resource [io  0x0000-0x0cf7 window]
[    0.275821] pci_bus 0000:00: root bus resource [io  0x0d00-0xffff window]
[    0.275822] pci_bus 0000:00: root bus resource [mem 0x000a0000-0x000bffff window]
[    0.275822] pci_bus 0000:00: root bus resource [mem 0x000d4000-0x000d7fff window]
[    0.275823] pci_bus 0000:00: root bus resource [mem 0x000d8000-0x000dbfff window]
[    0.275824] pci_bus 0000:00: root bus resource [mem 0x000dc000-0x000dffff window]
[    0.275825] pci_bus 0000:00: root bus resource [mem 0x000e0000-0x000e3fff window]
[    0.275826] pci_bus 0000:00: root bus resource [mem 0x000e4000-0x000e7fff window]
[    0.275827] pci_bus 0000:00: root bus resource [mem 0xdf200000-0xfeafffff window]
[    0.275836] pci 0000:00:00.0: [8086:0c00] type 00 class 0x060000
[    0.275936] pci 0000:00:02.0: [8086:0412] type 00 class 0x030000
[    0.275965] pci 0000:00:02.0: reg 0x10: [mem 0xf7800000-0xf7bfffff 64bit]
[    0.275977] pci 0000:00:02.0: reg 0x18: [mem 0xe0000000-0xefffffff 64bit pref]
[    0.275985] pci 0000:00:02.0: reg 0x20: [io  0xf000-0xf03f]
[    0.276060] pci 0000:00:03.0: [8086:0c0c] type 00 class 0x040300
[    0.276089] pci 0000:00:03.0: reg 0x10: [mem 0xf7d14000-0xf7d17fff 64bit]
[    0.276241] pci 0000:00:14.0: [8086:8c31] type 00 class 0x0c0330
[    0.276303] pci 0000:00:14.0: reg 0x10: [mem 0xf7d00000-0xf7d0ffff 64bit]
[    0.276429] pci 0000:00:14.0: PME# supported from D3hot D3cold
[    0.276456] pci 0000:00:14.0: System wakeup disabled by ACPI
[    0.276488] pci 0000:00:16.0: [8086:8c3a] type 00 class 0x078000
[    0.276548] pci 0000:00:16.0: reg 0x10: [mem 0xf7d1e000-0xf7d1e00f 64bit]
[    0.276662] pci 0000:00:16.0: PME# supported from D0 D3hot D3cold
[    0.276744] pci 0000:00:1a.0: [8086:8c2d] type 00 class 0x0c0320
[    0.276798] pci 0000:00:1a.0: reg 0x10: [mem 0xf7d1c000-0xf7d1c3ff]
[    0.276936] pci 0000:00:1a.0: PME# supported from D0 D3hot D3cold
[    0.276964] pci 0000:00:1a.0: System wakeup disabled by ACPI
[    0.276998] pci 0000:00:1b.0: [8086:8c20] type 00 class 0x040300
[    0.277060] pci 0000:00:1b.0: reg 0x10: [mem 0xf7d10000-0xf7d13fff 64bit]
[    0.277197] pci 0000:00:1b.0: PME# supported from D0 D3hot D3cold
[    0.277229] pci 0000:00:1b.0: System wakeup disabled by ACPI
[    0.277260] pci 0000:00:1c.0: [8086:8c10] type 01 class 0x060400
[    0.277407] pci 0000:00:1c.0: PME# supported from D0 D3hot D3cold
[    0.277470] pci 0000:00:1c.0: System wakeup disabled by ACPI
[    0.277510] pci 0000:00:1c.3: [8086:8c16] type 01 class 0x060400
[    0.277661] pci 0000:00:1c.3: PME# supported from D0 D3hot D3cold
[    0.277713] pci 0000:00:1c.3: System wakeup disabled by ACPI
[    0.277758] pci 0000:00:1d.0: [8086:8c26] type 00 class 0x0c0320
[    0.277813] pci 0000:00:1d.0: reg 0x10: [mem 0xf7d1b000-0xf7d1b3ff]
[    0.277955] pci 0000:00:1d.0: PME# supported from D0 D3hot D3cold
[    0.277985] pci 0000:00:1d.0: System wakeup disabled by ACPI
[    0.278017] pci 0000:00:1f.0: [8086:8c5c] type 00 class 0x060100
[    0.278256] pci 0000:00:1f.2: [8086:8c02] type 00 class 0x010601
[    0.278311] pci 0000:00:1f.2: reg 0x10: [io  0xf0b0-0xf0b7]
[    0.278327] pci 0000:00:1f.2: reg 0x14: [io  0xf0a0-0xf0a3]
[    0.278345] pci 0000:00:1f.2: reg 0x18: [io  0xf090-0xf097]
[    0.278362] pci 0000:00:1f.2: reg 0x1c: [io  0xf080-0xf083]
[    0.278380] pci 0000:00:1f.2: reg 0x20: [io  0xf060-0xf07f]
[    0.278397] pci 0000:00:1f.2: reg 0x24: [mem 0xf7d1a000-0xf7d1a7ff]
[    0.278460] pci 0000:00:1f.2: PME# supported from D3hot
[    0.278511] pci 0000:00:1f.3: [8086:8c22] type 00 class 0x0c0500
[    0.278549] pci 0000:00:1f.3: reg 0x10: [mem 0xf7d19000-0xf7d190ff 64bit]
[    0.278600] pci 0000:00:1f.3: reg 0x20: [io  0xf040-0xf05f]
[    0.278760] pci 0000:00:1c.0: PCI bridge to [bus 01]
[    0.278875] pci 0000:02:00.0: [10ec:8168] type 00 class 0x020000
[    0.278948] pci 0000:02:00.0: reg 0x10: [io  0xe000-0xe0ff]
[    0.279004] pci 0000:02:00.0: reg 0x18: [mem 0xf7c00000-0xf7c00fff 64bit]
[    0.279039] pci 0000:02:00.0: reg 0x20: [mem 0xf0000000-0xf0003fff 64bit pref]
[    0.279156] pci 0000:02:00.0: supports D1 D2
[    0.279157] pci 0000:02:00.0: PME# supported from D0 D1 D2 D3hot D3cold
[    0.279199] pci 0000:02:00.0: System wakeup disabled by ACPI
[    0.287180] pci 0000:00:1c.3: PCI bridge to [bus 02]
[    0.287186] pci 0000:00:1c.3:   bridge window [io  0xe000-0xefff]
[    0.287191] pci 0000:00:1c.3:   bridge window [mem 0xf7c00000-0xf7cfffff]
[    0.287201] pci 0000:00:1c.3:   bridge window [mem 0xf0000000-0xf00fffff 64bit pref]
[    0.287742] ACPI: PCI Interrupt Link [LNKA] (IRQs 3 4 5 6 10 *11 12 14 15)
[    0.287775] ACPI: PCI Interrupt Link [LNKB] (IRQs 3 4 5 6 10 11 12 14 15) *0, disabled.
[    0.287806] ACPI: PCI Interrupt Link [LNKC] (IRQs 3 *4 5 6 10 11 12 14 15)
[    0.287835] ACPI: PCI Interrupt Link [LNKD] (IRQs 3 4 5 6 *10 11 12 14 15)
[    0.287866] ACPI: PCI Interrupt Link [LNKE] (IRQs 3 4 5 6 10 11 12 14 15) *0, disabled.
[    0.287898] ACPI: PCI Interrupt Link [LNKF] (IRQs 3 4 5 6 10 11 12 14 15) *0, disabled.
[    0.287930] ACPI: PCI Interrupt Link [LNKG] (IRQs 3 4 *5 6 10 11 12 14 15)
[    0.287961] ACPI: PCI Interrupt Link [LNKH] (IRQs *3 4 5 6 10 11 12 14 15)
[    0.288129] ACPI: Enabled 4 GPEs in block 00 to 3F
[    0.288189] vgaarb: setting as boot device: PCI:0000:00:02.0
[    0.288191] vgaarb: device added: PCI:0000:00:02.0,decodes=io+mem,owns=io+mem,locks=none
[    0.288192] vgaarb: loaded
[    0.288193] vgaarb: bridge control possible 0000:00:02.0
[    0.288333] SCSI subsystem initialized
[    0.288351] libata version 3.00 loaded.
[    0.288366] ACPI: bus type USB registered
[    0.288375] usbcore: registered new interface driver usbfs
[    0.288380] usbcore: registered new interface driver hub
[    0.288385] usbcore: registered new device driver usb
[    0.288459] PCI: Using ACPI for IRQ routing
[    0.293847] PCI: pci_cache_line_size set to 64 bytes
[    0.293907] e820: reserve RAM buffer [mem 0x0009d6fa-0x0009ffff]
[    0.293908] e820: reserve RAM buffer [mem 0xc9c00000-0xcbffffff]
[    0.293908] e820: reserve RAM buffer [mem 0xd2287000-0xd3ffffff]
[    0.293909] e820: reserve RAM buffer [mem 0xd7ee4000-0xd7ffffff]
[    0.293910] e820: reserve RAM buffer [mem 0xd875e000-0xdbffffff]
[    0.293911] e820: reserve RAM buffer [mem 0xd8fae000-0xdbffffff]
[    0.293911] e820: reserve RAM buffer [mem 0xda71e000-0xdbffffff]
[    0.293912] e820: reserve RAM buffer [mem 0xdb80f000-0xdbffffff]
[    0.293913] e820: reserve RAM buffer [mem 0x21fe00000-0x21fffffff]
[    0.293980] NetLabel: Initializing
[    0.293981] NetLabel:  domain hash size = 128
[    0.293981] NetLabel:  protocols = UNLABELED CIPSOv4
[    0.293987] NetLabel:  unlabeled traffic allowed by default
[    0.294026] hpet0: at MMIO 0xfed00000, IRQs 2, 8, 0, 0, 0, 0, 0, 0
[    0.294029] hpet0: 8 comparators, 64-bit 14.318180 MHz counter
[    0.296044] clocksource: Switched to clocksource hpet
[    0.299364] AppArmor: AppArmor Filesystem Enabled
[    0.299405] pnp: PnP ACPI init
[    0.299459] system 00:00: [mem 0xfed40000-0xfed44fff] has been reserved
[    0.299461] system 00:00: Plug and Play ACPI device, IDs PNP0c01 (active)
[    0.299558] system 00:01: [io  0x0680-0x069f] has been reserved
[    0.299559] system 00:01: [io  0xffff] has been reserved
[    0.299560] system 00:01: [io  0xffff] has been reserved
[    0.299561] system 00:01: [io  0xffff] has been reserved
[    0.299562] system 00:01: [io  0x1c00-0x1cfe] has been reserved
[    0.299563] system 00:01: [io  0x1d00-0x1dfe] has been reserved
[    0.299563] system 00:01: [io  0x1e00-0x1efe] has been reserved
[    0.299564] system 00:01: [io  0x1f00-0x1ffe] has been reserved
[    0.299565] system 00:01: [io  0x1800-0x18fe] could not be reserved
[    0.299566] system 00:01: [io  0x164e-0x164f] has been reserved
[    0.299567] system 00:01: Plug and Play ACPI device, IDs PNP0c02 (active)
[    0.299581] pnp 00:02: Plug and Play ACPI device, IDs PNP0b00 (active)
[    0.299604] system 00:03: [io  0x1854-0x1857] has been reserved
[    0.299606] system 00:03: Plug and Play ACPI device, IDs INT3f0d PNP0c02 (active)
[    0.299656] system 00:04: [io  0x0a00-0x0a0f] has been reserved
[    0.299658] system 00:04: Plug and Play ACPI device, IDs PNP0c02 (active)
[    0.299682] system 00:05: [io  0x04d0-0x04d1] has been reserved
[    0.299683] system 00:05: Plug and Play ACPI device, IDs PNP0c02 (active)
[    0.300064] system 00:06: [mem 0xfed1c000-0xfed1ffff] has been reserved
[    0.300066] system 00:06: [mem 0xfed10000-0xfed17fff] has been reserved
[    0.300067] system 00:06: [mem 0xfed18000-0xfed18fff] has been reserved
[    0.300068] system 00:06: [mem 0xfed19000-0xfed19fff] has been reserved
[    0.300069] system 00:06: [mem 0xf8000000-0xfbffffff] has been reserved
[    0.300070] system 00:06: [mem 0xfed20000-0xfed3ffff] has been reserved
[    0.300071] system 00:06: [mem 0xfed90000-0xfed93fff] has been reserved
[    0.300071] system 00:06: [mem 0xfed45000-0xfed8ffff] has been reserved
[    0.300072] system 00:06: [mem 0xff000000-0xffffffff] has been reserved
[    0.300073] system 00:06: [mem 0xfee00000-0xfeefffff] could not be reserved
[    0.300074] system 00:06: [mem 0xf7fdf000-0xf7fdffff] has been reserved
[    0.300075] system 00:06: [mem 0xf7fe0000-0xf7feffff] has been reserved
[    0.300077] system 00:06: Plug and Play ACPI device, IDs PNP0c02 (active)
[    0.300199] pnp: PnP ACPI: found 7 devices
[    0.305275] clocksource: acpi_pm: mask: 0xffffff max_cycles: 0xffffff, max_idle_ns: 2085701024 ns
[    0.305295] pci 0000:00:1c.0: bridge window [io  0x1000-0x0fff] to [bus 01] add_size 1000
[    0.305296] pci 0000:00:1c.0: bridge window [mem 0x00100000-0x000fffff 64bit pref] to [bus 01] add_size 200000 add_align 100000
[    0.305297] pci 0000:00:1c.0: bridge window [mem 0x00100000-0x000fffff] to [bus 01] add_size 200000 add_align 100000
[    0.305314] pci 0000:00:1c.0: res[14]=[mem 0x00100000-0x000fffff] res_to_dev_res add_size 200000 min_align 100000
[    0.305315] pci 0000:00:1c.0: res[14]=[mem 0x00100000-0x002fffff] res_to_dev_res add_size 200000 min_align 100000
[    0.305316] pci 0000:00:1c.0: res[15]=[mem 0x00100000-0x000fffff 64bit pref] res_to_dev_res add_size 200000 min_align 100000
[    0.305317] pci 0000:00:1c.0: res[15]=[mem 0x00100000-0x002fffff 64bit pref] res_to_dev_res add_size 200000 min_align 100000
[    0.305318] pci 0000:00:1c.0: res[13]=[io  0x1000-0x0fff] res_to_dev_res add_size 1000 min_align 1000
[    0.305319] pci 0000:00:1c.0: res[13]=[io  0x1000-0x1fff] res_to_dev_res add_size 1000 min_align 1000
[    0.305322] pci 0000:00:1c.0: BAR 14: assigned [mem 0xdf200000-0xdf3fffff]
[    0.305326] pci 0000:00:1c.0: BAR 15: assigned [mem 0xdf400000-0xdf5fffff 64bit pref]
[    0.305327] pci 0000:00:1c.0: BAR 13: assigned [io  0x2000-0x2fff]
[    0.305328] pci 0000:00:1c.0: PCI bridge to [bus 01]
[    0.305331] pci 0000:00:1c.0:   bridge window [io  0x2000-0x2fff]
[    0.305340] pci 0000:00:1c.0:   bridge window [mem 0xdf200000-0xdf3fffff]
[    0.305346] pci 0000:00:1c.0:   bridge window [mem 0xdf400000-0xdf5fffff 64bit pref]
[    0.305358] pci 0000:00:1c.3: PCI bridge to [bus 02]
[    0.305361] pci 0000:00:1c.3:   bridge window [io  0xe000-0xefff]
[    0.305369] pci 0000:00:1c.3:   bridge window [mem 0xf7c00000-0xf7cfffff]
[    0.305375] pci 0000:00:1c.3:   bridge window [mem 0xf0000000-0xf00fffff 64bit pref]
[    0.305386] pci_bus 0000:00: resource 4 [io  0x0000-0x0cf7 window]
[    0.305387] pci_bus 0000:00: resource 5 [io  0x0d00-0xffff window]
[    0.305388] pci_bus 0000:00: resource 6 [mem 0x000a0000-0x000bffff window]
[    0.305389] pci_bus 0000:00: resource 7 [mem 0x000d4000-0x000d7fff window]
[    0.305389] pci_bus 0000:00: resource 8 [mem 0x000d8000-0x000dbfff window]
[    0.305390] pci_bus 0000:00: resource 9 [mem 0x000dc000-0x000dffff window]
[    0.305391] pci_bus 0000:00: resource 10 [mem 0x000e0000-0x000e3fff window]
[    0.305392] pci_bus 0000:00: resource 11 [mem 0x000e4000-0x000e7fff window]
[    0.305393] pci_bus 0000:00: resource 12 [mem 0xdf200000-0xfeafffff window]
[    0.305394] pci_bus 0000:01: resource 0 [io  0x2000-0x2fff]
[    0.305395] pci_bus 0000:01: resource 1 [mem 0xdf200000-0xdf3fffff]
[    0.305395] pci_bus 0000:01: resource 2 [mem 0xdf400000-0xdf5fffff 64bit pref]
[    0.305396] pci_bus 0000:02: resource 0 [io  0xe000-0xefff]
[    0.305397] pci_bus 0000:02: resource 1 [mem 0xf7c00000-0xf7cfffff]
[    0.305398] pci_bus 0000:02: resource 2 [mem 0xf0000000-0xf00fffff 64bit pref]
[    0.305418] NET: Registered protocol family 2
[    0.305518] TCP established hash table entries: 65536 (order: 7, 524288 bytes)
[    0.305599] TCP bind hash table entries: 65536 (order: 8, 1048576 bytes)
[    0.305705] TCP: Hash tables configured (established 65536 bind 65536)
[    0.305718] UDP hash table entries: 4096 (order: 5, 131072 bytes)
[    0.305736] UDP-Lite hash table entries: 4096 (order: 5, 131072 bytes)
[    0.305767] NET: Registered protocol family 1
[    0.305777] pci 0000:00:02.0: Video device with shadowed ROM
[    0.348115] PCI: CLS 64 bytes, default 64
[    0.348152] Trying to unpack rootfs image as initramfs...
[    1.961305] Freeing initrd memory: 167612K (ffff880023892000 - ffff88002dc41000)
[    1.961333] PCI-DMA: Using software bounce buffering for IO (SWIOTLB)
[    1.961335] software IO TLB [mem 0xd3ee4000-0xd7ee4000] (64MB) mapped at [ffff8800d3ee4000-ffff8800d7ee3fff]
[    1.961376] RAPL PMU detected, API unit is 2^-32 Joules, 4 fixed counters 655360 ms ovfl timer
[    1.961377] hw unit of domain pp0-core 2^-14 Joules
[    1.961378] hw unit of domain package 2^-14 Joules
[    1.961378] hw unit of domain dram 2^-14 Joules
[    1.961379] hw unit of domain pp1-gpu 2^-14 Joules
[    1.961448] microcode: CPU0 sig=0x306c3, pf=0x2, revision=0x1d
[    1.961476] microcode: Microcode Update Driver: v2.00 <tigran@aivazian.fsnet.co.uk>, Peter Oruba
[    1.961517] Scanning for low memory corruption every 60 seconds
[    1.961669] futex hash table entries: 256 (order: 2, 16384 bytes)
[    1.961676] Initialise system trusted keyring
[    1.961689] audit: initializing netlink subsys (disabled)
[    1.961698] audit: type=2000 audit(1505023622.768:1): initialized
[    1.961900] HugeTLB registered 1 GB page size, pre-allocated 0 pages
[    1.961901] HugeTLB registered 2 MB page size, pre-allocated 0 pages
[    1.962703] zpool: loaded
[    1.962705] zbud: loaded
[    1.962809] VFS: Disk quotas dquot_6.6.0
[    1.962826] VFS: Dquot-cache hash table entries: 512 (order 0, 4096 bytes)
[    1.963070] fuse init (API version 7.23)
[    1.963137] Key type big_key registered
[    1.963246] Key type asymmetric registered
[    1.963248] Asymmetric key parser 'x509' registered
[    1.963258] Block layer SCSI generic (bsg) driver version 0.4 loaded (major 249)
[    1.963272] io scheduler noop registered
[    1.963274] io scheduler deadline registered (default)
[    1.963290] io scheduler cfq registered
[    1.963709] pcieport 0000:00:1c.0: Signaling PME through PCIe PME interrupt
[    1.963715] pcie_pme 0000:00:1c.0:pcie01: service driver pcie_pme loaded
[    1.963744] pcieport 0000:00:1c.3: Signaling PME through PCIe PME interrupt
[    1.963745] pci 0000:02:00.0: Signaling PME through PCIe PME interrupt
[    1.963749] pcie_pme 0000:00:1c.3:pcie01: service driver pcie_pme loaded
[    1.963752] pci_hotplug: PCI Hot Plug PCI Core version: 0.5
[    1.963763] pciehp 0000:00:1c.0:pcie04: Slot #0 AttnBtn- PwrCtrl- MRL- AttnInd- PwrInd- HotPlug+ Surprise+ Interlock- NoCompl+ LLActRep+
[    1.963780] pciehp 0000:00:1c.0:pcie04: service driver pciehp loaded
[    1.963783] pciehp: PCI Express Hot Plug Controller Driver version: 0.4
[    1.963802] intel_idle: MWAIT substates: 0x42120
[    1.963803] intel_idle: v0.4 model 0x3C
[    1.963804] intel_idle: lapic_timer_reliable_states 0xffffffff
[    1.963873] input: Power Button as /devices/LNXSYSTM:00/LNXSYBUS:00/PNP0C0C:00/input/input0
[    1.963875] ACPI: Power Button [PWRB]
[    1.963894] input: Power Button as /devices/LNXSYSTM:00/LNXPWRBN:00/input/input1
[    1.963895] ACPI: Power Button [PWRF]
[    1.964261] thermal LNXTHERM:00: registered as thermal_zone0
[    1.964262] ACPI: Thermal Zone [TZ00] (28 C)
[    1.964358] thermal LNXTHERM:01: registered as thermal_zone1
[    1.964359] ACPI: Thermal Zone [TZ01] (30 C)
[    1.964377] GHES: HEST is not enabled!
[    1.964438] Serial: 8250/16550 driver, 32 ports, IRQ sharing enabled
[    1.965039] Linux agpgart interface v0.103
[    1.965857] brd: module loaded
[    1.966194] loop: module loaded
[    1.966296] libphy: Fixed MDIO Bus: probed
[    1.966299] tun: Universal TUN/TAP device driver, 1.6
[    1.966299] tun: (C) 1999-2004 Max Krasnyansky <maxk@qualcomm.com>
[    1.966316] PPP generic driver version 2.4.2
[    1.966404] xhci_hcd 0000:00:14.0: xHCI Host Controller
[    1.966408] xhci_hcd 0000:00:14.0: new USB bus registered, assigned bus number 1
[    1.966479] xhci_hcd 0000:00:14.0: hcc params 0x200077c1 hci version 0x100 quirks 0x00009810
[    1.966488] xhci_hcd 0000:00:14.0: cache line size of 64 is not supported
[    1.966561] usb usb1: New USB device found, idVendor=1d6b, idProduct=0002
[    1.966562] usb usb1: New USB device strings: Mfr=3, Product=2, SerialNumber=1
[    1.966563] usb usb1: Product: xHCI Host Controller
[    1.966563] usb usb1: Manufacturer: Linux 4.2.0 xhci-hcd
[    1.966564] usb usb1: SerialNumber: 0000:00:14.0
[    1.966619] hub 1-0:1.0: USB hub found
[    1.966628] hub 1-0:1.0: 10 ports detected
[    1.968271] xhci_hcd 0000:00:14.0: xHCI Host Controller
[    1.968273] xhci_hcd 0000:00:14.0: new USB bus registered, assigned bus number 2
[    1.968291] usb usb2: New USB device found, idVendor=1d6b, idProduct=0003
[    1.968292] usb usb2: New USB device strings: Mfr=3, Product=2, SerialNumber=1
[    1.968292] usb usb2: Product: xHCI Host Controller
[    1.968293] usb usb2: Manufacturer: Linux 4.2.0 xhci-hcd
[    1.968294] usb usb2: SerialNumber: 0000:00:14.0
[    1.968341] hub 2-0:1.0: USB hub found
[    1.968345] hub 2-0:1.0: 2 ports detected
[    1.968616] ehci_hcd: USB 2.0 'Enhanced' Host Controller (EHCI) Driver
[    1.968619] ehci-pci: EHCI PCI platform driver
[    1.968673] ehci-pci 0000:00:1a.0: EHCI Host Controller
[    1.968676] ehci-pci 0000:00:1a.0: new USB bus registered, assigned bus number 3
[    1.968690] ehci-pci 0000:00:1a.0: debug port 2
[    1.972582] ehci-pci 0000:00:1a.0: cache line size of 64 is not supported
[    1.972593] ehci-pci 0000:00:1a.0: irq 16, io mem 0xf7d1c000
[    1.983937] ehci-pci 0000:00:1a.0: USB 2.0 started, EHCI 1.00
[    1.983963] usb usb3: New USB device found, idVendor=1d6b, idProduct=0002
[    1.983964] usb usb3: New USB device strings: Mfr=3, Product=2, SerialNumber=1
[    1.983965] usb usb3: Product: EHCI Host Controller
[    1.983965] usb usb3: Manufacturer: Linux 4.2.0 ehci_hcd
[    1.983966] usb usb3: SerialNumber: 0000:00:1a.0
[    1.984020] hub 3-0:1.0: USB hub found
[    1.984023] hub 3-0:1.0: 2 ports detected
[    1.984141] ehci-pci 0000:00:1d.0: EHCI Host Controller
[    1.984144] ehci-pci 0000:00:1d.0: new USB bus registered, assigned bus number 4
[    1.984158] ehci-pci 0000:00:1d.0: debug port 2
[    1.988053] ehci-pci 0000:00:1d.0: cache line size of 64 is not supported
[    1.988060] ehci-pci 0000:00:1d.0: irq 23, io mem 0xf7d1b000
[    1.999937] ehci-pci 0000:00:1d.0: USB 2.0 started, EHCI 1.00
[    1.999958] usb usb4: New USB device found, idVendor=1d6b, idProduct=0002
[    1.999959] usb usb4: New USB device strings: Mfr=3, Product=2, SerialNumber=1
[    1.999960] usb usb4: Product: EHCI Host Controller
[    1.999961] usb usb4: Manufacturer: Linux 4.2.0 ehci_hcd
[    1.999962] usb usb4: SerialNumber: 0000:00:1d.0
[    2.000014] hub 4-0:1.0: USB hub found
[    2.000016] hub 4-0:1.0: 2 ports detected
[    2.000081] ehci-platform: EHCI generic platform driver
[    2.000088] ohci_hcd: USB 1.1 'Open' Host Controller (OHCI) Driver
[    2.000091] ohci-pci: OHCI PCI platform driver
[    2.000098] ohci-platform: OHCI generic platform driver
[    2.000103] uhci_hcd: USB Universal Host Controller Interface driver
[    2.000132] i8042: PNP: No PS/2 controller found. Probing ports directly.
[    2.003060] serio: i8042 KBD port at 0x60,0x64 irq 1
[    2.003064] serio: i8042 AUX port at 0x60,0x64 irq 12
[    2.003132] mousedev: PS/2 mouse device common for all mice
[    2.003190] rtc_cmos 00:02: RTC can wake from S4
[    2.003280] rtc_cmos 00:02: rtc core: registered rtc_cmos as rtc0
[    2.003301] rtc_cmos 00:02: alarms up to one month, y3k, 242 bytes nvram, hpet irqs
[    2.003306] i2c /dev entries driver
[    2.003345] device-mapper: uevent: version 1.0.3
[    2.003373] device-mapper: ioctl: 4.32.0-ioctl (2015-6-26) initialised: dm-devel@redhat.com
[    2.003382] Intel P-state driver initializing.
[    2.003447] ledtrig-cpu: registered to indicate activity on CPUs
[    2.003592] PCCT header not found.
[    2.004110] NET: Registered protocol family 10
[    2.004469] NET: Registered protocol family 17
[    2.004499] Key type dns_resolver registered
[    2.005010] Loading compiled-in X.509 certificates
[    2.007231] Loaded X.509 cert 'Build time autogenerated kernel key: dcf08b486c8a46466231dc313dd1ec432e713d8e'
[    2.007261] registered taskstats version 1
[    2.007321] zswap: loading zswap
[    2.007325] zswap: using zbud pool
[    2.007335] zswap: using lzo compressor
[    2.008729] Key type trusted registered
[    2.010150] Key type encrypted registered
[    2.010154] AppArmor: AppArmor sha1 policy hashing enabled
[    2.010157] ima: No TPM chip found, activating TPM-bypass!
[    2.010168] evm: HMAC attrs: 0x1
[    2.010439]   Magic number: 1:468:114
[    2.010440]   hash matches drivers/base/power/main.c:1023
[    2.010509] rtc_cmos 00:02: setting system clock to 2017-09-10 06:07:03 UTC (1505023623)
[    2.010532] BIOS EDD facility v0.16 2004-Jun-25, 0 devices found
[    2.010532] EDD information not available.
[    2.010581] PM: Hibernation image not present or could not be loaded.
[    2.010741] Freeing unused kernel memory: 1456K (ffffffff81d37000 - ffffffff81ea3000)
[    2.010742] Write protecting the kernel read-only data: 12288k
[    2.010837] Freeing unused kernel memory: 316K (ffff8800017b1000 - ffff880001800000)
[    2.010878] Freeing unused kernel memory: 284K (ffff880001bb9000 - ffff880001c00000)
[    2.020012] systemd-udevd[94]: starting version 204
[    2.050892] r8169 Gigabit Ethernet driver 2.3LK-NAPI loaded
[    2.050898] r8169 0000:02:00.0: can't disable ASPM; OS doesn't have ASPM control
[    2.060746] ahci 0000:00:1f.2: version 3.0
[    2.060875] ahci 0000:00:1f.2: AHCI 0001.0300 32 slots 4 ports 6 Gbps 0x21 impl SATA mode
[    2.060877] ahci 0000:00:1f.2: flags: 64bit ncq pm led clo pio slum part ems 
[    2.066120] r8169 0000:02:00.0 eth0: RTL8168g/8111g at 0xffffc90000c74000, 64:00:6a:1c:b6:84, XID 0c000800 IRQ 28
[    2.066122] r8169 0000:02:00.0 eth0: jumbo features [frames: 9200 bytes, tx checksumming: ko]
[    2.072551] scsi host0: ahci
[    2.079214] scsi host1: ahci
[    2.083964] scsi host2: ahci
[    2.084980] scsi host3: ahci
[    2.085043] scsi host4: ahci
[    2.085097] scsi host5: ahci
[    2.085121] ata1: SATA max UDMA/133 abar m2048@0xf7d1a000 port 0xf7d1a100 irq 27
[    2.085122] ata2: DUMMY
[    2.085123] ata3: DUMMY
[    2.085124] ata4: DUMMY
[    2.085124] ata5: DUMMY
[    2.085126] ata6: SATA max UDMA/133 abar m2048@0xf7d1a000 port 0xf7d1a380 irq 27
[    2.279974] usb 1-3: new low-speed USB device number 2 using xhci_hcd
[    2.295981] usb 3-1: new high-speed USB device number 2 using ehci-pci
[    2.311965] usb 4-1: new high-speed USB device number 2 using ehci-pci
[    2.403970] ata1: SATA link up 6.0 Gbps (SStatus 133 SControl 300)
[    2.403987] ata6: SATA link up 1.5 Gbps (SStatus 113 SControl 300)
[    2.404967] ata1.00: ATA-9: ST1000DM003-1ER162, CC45, max UDMA/133
[    2.404970] ata1.00: 1953525168 sectors, multi 16: LBA48 NCQ (depth 31/32), AA
[    2.405950] ata1.00: configured for UDMA/133
[    2.406016] scsi 0:0:0:0: Direct-Access     ATA      ST1000DM003-1ER1 CC45 PQ: 0 ANSI: 5
[    2.406205] sd 0:0:0:0: Attached scsi generic sg0 type 0
[    2.406294] sd 0:0:0:0: [sda] 1953525168 512-byte logical blocks: (1.00 TB/931 GiB)
[    2.406295] sd 0:0:0:0: [sda] 4096-byte physical blocks
[    2.406321] sd 0:0:0:0: [sda] Write Protect is off
[    2.406322] sd 0:0:0:0: [sda] Mode Sense: 00 3a 00 00
[    2.406333] sd 0:0:0:0: [sda] Write cache: enabled, read cache: enabled, doesn't support DPO or FUA
[    2.407955] ata6.00: ACPI cmd ef/10:06:00:00:00:00 (SET FEATURES) succeeded
[    2.407957] ata6.00: ACPI cmd f5/00:00:00:00:00:00 (SECURITY FREEZE LOCK) filtered out
[    2.407958] ata6.00: ACPI cmd b1/c1:00:00:00:00:00 (DEVICE CONFIGURATION OVERLAY) filtered out
[    2.408286] ata6.00: ATAPI: PLDS DVD+/-RW DH-16AES, DD12, max UDMA/133
[    2.409909] ata6.00: ACPI cmd ef/10:06:00:00:00:00 (SET FEATURES) succeeded
[    2.409912] ata6.00: ACPI cmd f5/00:00:00:00:00:00 (SECURITY FREEZE LOCK) filtered out
[    2.409913] ata6.00: ACPI cmd b1/c1:00:00:00:00:00 (DEVICE CONFIGURATION OVERLAY) filtered out
[    2.410220] ata6.00: configured for UDMA/133
[    2.417221] scsi 5:0:0:0: CD-ROM            PLDS     DVD+-RW DH-16AES DD12 PQ: 0 ANSI: 5
[    2.428251] usb 3-1: New USB device found, idVendor=8087, idProduct=8008
[    2.428253] usb 3-1: New USB device strings: Mfr=0, Product=0, SerialNumber=0
[    2.428454] hub 3-1:1.0: USB hub found
[    2.428601] hub 3-1:1.0: 4 ports detected
[    2.439080] sr 5:0:0:0: [sr0] scsi3-mmc drive: 48x/48x writer dvd-ram cd/rw xa/form2 cdda tray
[    2.439082] cdrom: Uniform CD-ROM driver Revision: 3.20
[    2.439144] sr 5:0:0:0: Attached scsi CD-ROM sr0
[    2.439179] sr 5:0:0:0: Attached scsi generic sg1 type 5
[    2.444250] usb 4-1: New USB device found, idVendor=8087, idProduct=8000
[    2.444252] usb 4-1: New USB device strings: Mfr=0, Product=0, SerialNumber=0
[    2.444401] hub 4-1:1.0: USB hub found
[    2.444500] hub 4-1:1.0: 6 ports detected
[    2.445090]  sda: sda1 sda2 < sda5 >
[    2.445239] sd 0:0:0:0: [sda] Attached SCSI disk
[    2.470417] usb 1-3: New USB device found, idVendor=413c, idProduct=2107
[    2.470418] usb 1-3: New USB device strings: Mfr=1, Product=2, SerialNumber=0
[    2.470425] usb 1-3: Product: Dell USB Entry Keyboard
[    2.470426] usb 1-3: Manufacturer: Dell
[    2.470472] usb 1-3: ep 0x81 - rounding interval to 64 microframes, ep desc says 80 microframes
[    2.476126] hidraw: raw HID events driver (C) Jiri Kosina
[    2.483838] usbcore: registered new interface driver usbhid
[    2.483840] usbhid: USB HID core driver
[    2.485470] input: Dell Dell USB Entry Keyboard as /devices/pci0000:00/0000:00:14.0/usb1/1-3/1-3:1.0/0003:413C:2107.0001/input/input5
[    2.540010] hid-generic 0003:413C:2107.0001: input,hidraw0: USB HID v1.10 Keyboard [Dell Dell USB Entry Keyboard] on usb-0000:00:14.0-3/input0
[    2.635923] usb 1-10: new low-speed USB device number 3 using xhci_hcd
[    2.770121] usb 1-10: New USB device found, idVendor=17ef, idProduct=6087
[    2.770123] usb 1-10: New USB device strings: Mfr=1, Product=2, SerialNumber=0
[    2.770125] usb 1-10: Product: ThinkLife Silent Wireless Mouse WLM200
[    2.770126] usb 1-10: Manufacturer: Wings Chip
[    2.770206] usb 1-10: ep 0x82 - rounding interval to 64 microframes, ep desc says 80 microframes
[    2.776616] input: Wings Chip ThinkLife Silent Wireless Mouse WLM200 as /devices/pci0000:00/0000:00:14.0/usb1/1-10/1-10:1.0/0003:17EF:6087.0002/input/input6
[    2.832023] hid-generic 0003:17EF:6087.0002: input,hiddev0,hidraw1: USB HID v1.11 Mouse [Wings Chip ThinkLife Silent Wireless Mouse WLM200] on usb-0000:00:14.0-10/input0
[    2.959903] tsc: Refined TSC clocksource calibration: 3292.375 MHz
[    2.959906] clocksource: tsc: mask: 0xffffffffffffffff max_cycles: 0x2f75298baf3, max_idle_ns: 440795322961 ns
[    3.324044] EXT4-fs (sda1): mounted filesystem with ordered data mode. Opts: (null)
[    3.742555] random: init urandom read with 125 bits of entropy available
[    3.775085] random: nonblocking pool is initialized
[    3.959848] clocksource: Switched to clocksource tsc
[    4.175860] init: plymouth-upstart-bridge main process (164) terminated with status 1
[    4.175866] init: plymouth-upstart-bridge main process ended, respawning
[    4.177554] init: plymouth-upstart-bridge main process (178) terminated with status 1
[    4.177559] init: plymouth-upstart-bridge main process ended, respawning
[    4.178939] init: plymouth-upstart-bridge main process (180) terminated with status 1
[    4.178943] init: plymouth-upstart-bridge main process ended, respawning
[    4.180329] init: plymouth-upstart-bridge main process (182) terminated with status 1
[    4.180333] init: plymouth-upstart-bridge main process ended, respawning
[    4.181734] init: plymouth-upstart-bridge main process (184) terminated with status 1
[    4.181739] init: plymouth-upstart-bridge main process ended, respawning
[    4.183112] init: plymouth-upstart-bridge main process (186) terminated with status 1
[    4.183116] init: plymouth-upstart-bridge main process ended, respawning
[    4.184517] init: plymouth-upstart-bridge main process (188) terminated with status 1
[    4.184522] init: plymouth-upstart-bridge main process ended, respawning
[    4.185939] init: plymouth-upstart-bridge main process (190) terminated with status 1
[    4.185944] init: plymouth-upstart-bridge main process ended, respawning
[    4.187313] init: plymouth-upstart-bridge main process (192) terminated with status 1
[    4.187317] init: plymouth-upstart-bridge main process ended, respawning
[    4.188717] init: plymouth-upstart-bridge main process (194) terminated with status 1
[    4.188722] init: plymouth-upstart-bridge main process ended, respawning
[    4.190202] init: plymouth-upstart-bridge main process (196) terminated with status 1
[    4.190206] init: plymouth-upstart-bridge respawning too fast, stopped
[    6.714226] Adding 8303612k swap on /dev/sda5.  Priority:-1 extents:1 across:8303612k FS
[    6.834376] systemd-udevd[298]: starting version 204
[    7.517166] shpchp: Standard Hot Plug PCI Controller Driver version: 0.4
[    7.551599] lp: driver loaded but no devices found
[    7.582518] ppdev: user-space parallel port driver
[    7.584224] audit: type=1400 audit(1505023629.070:2): apparmor="STATUS" operation="profile_load" name="/sbin/dhclient" pid=340 comm="apparmor_parser"
[    7.584227] audit: type=1400 audit(1505023629.070:3): apparmor="STATUS" operation="profile_load" name="/usr/lib/NetworkManager/nm-dhcp-client.action" pid=340 comm="apparmor_parser"
[    7.584229] audit: type=1400 audit(1505023629.070:4): apparmor="STATUS" operation="profile_load" name="/usr/lib/connman/scripts/dhclient-script" pid=340 comm="apparmor_parser"
[    7.584414] audit: type=1400 audit(1505023629.070:5): apparmor="STATUS" operation="profile_replace" name="/usr/lib/NetworkManager/nm-dhcp-client.action" pid=340 comm="apparmor_parser"
[    7.584416] audit: type=1400 audit(1505023629.070:6): apparmor="STATUS" operation="profile_replace" name="/usr/lib/connman/scripts/dhclient-script" pid=340 comm="apparmor_parser"
[    7.584507] audit: type=1400 audit(1505023629.070:7): apparmor="STATUS" operation="profile_replace" name="/usr/lib/connman/scripts/dhclient-script" pid=340 comm="apparmor_parser"
[    7.827825] dcdbas dcdbas: Dell Systems Management Base Driver (version 5.6.0-3.2)
[    7.880193] AVX2 version of gcm_enc/dec engaged.
[    7.880195] AES CTR mode by8 optimization enabled
[    8.063794] intel_rapl: Found RAPL domain package
[    8.063797] intel_rapl: Found RAPL domain core
[    8.063797] intel_rapl: Found RAPL domain uncore
[    8.063798] intel_rapl: Found RAPL domain dram
[    8.852942] [drm] Initialized drm 1.1.0 20060810
[    9.375740] EXT4-fs (sda1): re-mounted. Opts: errors=remount-ro
[    9.742998] init: failsafe main process (571) killed by TERM signal
[    9.871239] snd_hda_codec_realtek hdaudioC1D2: autoconfig for ALC3220: line_outs=1 (0x1b/0x0/0x0/0x0/0x0) type:line
[    9.871241] snd_hda_codec_realtek hdaudioC1D2:    speaker_outs=1 (0x14/0x0/0x0/0x0/0x0)
[    9.871242] snd_hda_codec_realtek hdaudioC1D2:    hp_outs=1 (0x15/0x0/0x0/0x0/0x0)
[    9.871243] snd_hda_codec_realtek hdaudioC1D2:    mono: mono_out=0x0
[    9.871244] snd_hda_codec_realtek hdaudioC1D2:    inputs:
[    9.871245] snd_hda_codec_realtek hdaudioC1D2:      Front Mic=0x1a
[    9.871246] snd_hda_codec_realtek hdaudioC1D2:      Rear Mic=0x18
[    9.879733] input: HDA Intel PCH Front Mic as /devices/pci0000:00/0000:00:1b.0/sound/card1/input7
[    9.879777] input: HDA Intel PCH Rear Mic as /devices/pci0000:00/0000:00:1b.0/sound/card1/input8
[    9.879820] input: HDA Intel PCH Line Out as /devices/pci0000:00/0000:00:1b.0/sound/card1/input9
[    9.879858] input: HDA Intel PCH Front Headphone as /devices/pci0000:00/0000:00:1b.0/sound/card1/input10
[    9.984919] audit: type=1400 audit(1505023631.470:8): apparmor="STATUS" operation="profile_load" name="/usr/lib/lightdm/lightdm-guest-session" pid=665 comm="apparmor_parser"
[    9.984922] audit: type=1400 audit(1505023631.470:9): apparmor="STATUS" operation="profile_load" name="chromium" pid=665 comm="apparmor_parser"
[    9.985021] audit: type=1400 audit(1505023631.470:10): apparmor="STATUS" operation="profile_replace" name="chromium" pid=665 comm="apparmor_parser"
[    9.986237] audit: type=1400 audit(1505023631.470:11): apparmor="STATUS" operation="profile_replace" name="/sbin/dhclient" pid=666 comm="apparmor_parser"
[   10.545337] init: cups main process (875) killed by HUP signal
[   10.545342] init: cups main process ended, respawning
[   11.832275] Bluetooth: Core ver 2.20
[   11.832294] NET: Registered protocol family 31
[   11.832295] Bluetooth: HCI device and connection manager initialized
[   11.832579] Bluetooth: HCI socket layer initialized
[   11.832581] Bluetooth: L2CAP socket layer initialized
[   11.832587] Bluetooth: SCO socket layer initialized
[   11.837136] r8169 0000:02:00.0 eth0: link down
[   11.837196] r8169 0000:02:00.0 eth0: link down
[   11.837242] IPv6: ADDRCONF(NETDEV_UP): eth0: link is not ready
[   11.911660] Bluetooth: RFCOMM TTY layer initialized
[   11.911664] Bluetooth: RFCOMM socket layer initialized
[   11.911667] Bluetooth: RFCOMM ver 1.11
[   11.941622] Bluetooth: BNEP (Ethernet Emulation) ver 1.3
[   11.941624] Bluetooth: BNEP filters: protocol multicast
[   11.941626] Bluetooth: BNEP socket layer initialized
[   12.297029] [drm] Memory usable by graphics device = 2048M
[   12.297032] [drm] Replacing VGA console driver
[   12.298040] Console: switching to colour dummy device 80x25
[   12.305219] [drm] Supports vblank timestamp caching Rev 2 (21.10.2013).
[   12.305221] [drm] Driver supports precise vblank timestamp query.
[   12.305294] vgaarb: device changed decodes: PCI:0000:00:02.0,olddecodes=io+mem,decodes=io+mem:owns=io+mem
[   12.316365] ACPI: Video Device [GFX0] (multi-head: yes  rom: no  post: no)
[   12.317244] acpi device:60: registered as cooling_device7
[   12.317884] input: Video Bus as /devices/LNXSYSTM:00/LNXSYBUS:00/PNP0A08:00/LNXVIDEO:00/input/input11
[   12.318964] snd_hda_intel 0000:00:03.0: bound 0000:00:02.0 (ops i915_audio_component_bind_ops [i915])
[   12.318967] [drm] Initialized i915 1.6.0 20150522 for 0000:00:02.0 on minor 0
[   12.339103] fbcon: inteldrmfb (fb0) is primary device
[   12.387517] Console: switching to colour frame buffer device 200x56
[   12.389893] i915 0000:00:02.0: fb0: inteldrmfb frame buffer device
[   12.389894] i915 0000:00:02.0: registered panic notifier
[   12.431603] init: plymouth-splash main process (1013) terminated with status 1
[   12.550793] input: HDA Intel HDMI HDMI/DP,pcm=3 as /devices/pci0000:00/0000:00:03.0/sound/card0/input12
[   14.170296] r8169 0000:02:00.0 eth0: link up
[   14.170304] IPv6: ADDRCONF(NETDEV_CHANGE): eth0: link becomes ready
[   40.364942] audit_printk_skb: 150 callbacks suppressed
[   40.364945] audit: type=1400 audit(1505023661.860:62): apparmor="STATUS" operation="profile_replace" name="/usr/lib/cups/backend/cups-pdf" pid=2096 comm="apparmor_parser"
[   40.364947] audit: type=1400 audit(1505023661.860:63): apparmor="STATUS" operation="profile_replace" name="/usr/sbin/cupsd" pid=2096 comm="apparmor_parser"
[   40.365136] audit: type=1400 audit(1505023661.860:64): apparmor="STATUS" operation="profile_replace" name="/usr/sbin/cupsd" pid=2096 comm="apparmor_parser"
[   58.755490] hello: module verification failed: signature and/or required key missing - tainting kernel
[   58.756965] Init start!!! 
[   58.756968] virt ffff880212960000 to phys 212960000, size: 4000
[   65.544397] <1>See you,Kernel!
[   65.544437] Flag: 1fffffff811543d8, To_Addr:  ffffffff81095f0d
[   65.544438] Flag: 1fffffff8114cec1, To_Addr:  ffffffff81095f0d
[   65.544439] Flag: 1fffffff817a6e6c, To_Addr:  ffffffff8114ceb1
[   65.544439] Flag: 1fffffff817a6e6c, To_Addr:  ffffffff8114cea5
[   65.544440] Flag: 1fffffff817a6ff6, To_Addr:  ffffffff8114cdef
[   65.544440] Flag: 1fffffff817a5692, To_Addr:  ffffffff817a6fd6
[   65.544441] Flag: 1fffffff817a6ff6, To_Addr:  ffffffff8114cde3
[   65.544441] Flag: 1fffffff817a5692, To_Addr:  ffffffff817a6fd6
[   65.544442] Flag: 1fffffff81174882, To_Addr:  ffffffff81095f0d
[   65.544442] Flag: 1fffffff817a6e6c, To_Addr:  ffffffff81174906
[   65.544443] Flag: 1fffffff817a6ff6, To_Addr:  ffffffff811748b1
[   65.544443] Flag: 1fffffff817a5692, To_Addr:  ffffffff817a6fd6
[   65.544444] Flag: 1fffffff817a71ca, To_Addr:  ffffffff81096227
[   65.544444] Flag: 1fffffff817a5692, To_Addr:  ffffffff817a71b6
[   65.544445] Flag: 9fffffff81002128, To_Addr:  ffffffff8179d037
[   65.544445] Flag: 9fffffffc00e3087, To_Addr:  ffffffff8100213d
[   65.544446] Flag: 1fffffff81029dce, To_Addr:  ffffffff81018b2e
[   65.544446] Flag: 1fffffff81167807, To_Addr:  ffffffff81029dc8
[   65.544447] Flag: 1fffffff8101dc4c, To_Addr:  ffffffff81029dbd
[   65.544447] Flag: 1fffffff8101dc11, To_Addr:  ffffffff8101dc49
[   65.544448] Flag: 1fffffff8101d673, To_Addr:  ffffffff8101dbeb
[   65.544448] Flag: 1fffffff81033134, To_Addr:  ffffffff81029db6
[   65.544449] Flag: 1fffffff8105384d, To_Addr:  ffffffff81033124
[   65.544449] Flag: 1fffffff810322eb, To_Addr:  ffffffff81033104
[   65.544450] Flag: 1fffffff81036d06, To_Addr:  ffffffff810322e7
[   65.544450] Flag: 1fffffff8105d17d, To_Addr:  ffffffff810322b4
[   65.544451] Flag: 1fffffff8102f621, To_Addr:  ffffffff8103228c
[   65.544451] Flag: 1fffffff81031427, To_Addr:  ffffffff81032283
[   65.544452] Flag: 1fffffff8105d169, To_Addr:  ffffffff81032f50
[   65.544452] Flag: 1fffffff81036daf, To_Addr:  ffffffff81032f3f
[   65.544453] Flag: 1fffffff81030fcc, To_Addr:  ffffffff81032f38
[   65.544453] Flag: 1fffffff81031b2d, To_Addr:  ffffffff81032f33
[   65.544454] Flag: 230000000a, To_Addr:  1ad40
[   65.544455] Flag: 1179f0, To_Addr:  1600000001
[   65.544455] Flag: 4ba0, To_Addr:  1179f9
[   65.544456] Flag: 200000001, To_Addr:  35b77
[   65.544456] Flag: 117a07, To_Addr:  230000000a
[   65.544457] Flag: 1ad70, To_Addr:  117a15
[   65.544457] Flag: 230000000a, To_Addr:  1add0
[   65.544458] Flag: 117a24, To_Addr:  1600000001
[   65.544458] Flag: 4bc8, To_Addr:  117a2d
[   65.544459] Flag: 200000001, To_Addr:  359e9
[   65.544459] Flag: 117a3b, To_Addr:  200000001
[   65.544460] Flag: 3513e, To_Addr:  117a48
[   65.544460] Flag: 200000001, To_Addr:  3589b
[   65.544461] Flag: 117a55, To_Addr:  200000001
[   65.544461] Flag: 359bf, To_Addr:  117a63
[   65.544462] Flag: 200000001, To_Addr:  34c99
[   65.544462] Flag: 117a70, To_Addr:  200000001
[   65.544463] Flag: 34cd3, To_Addr:  117a7d
[   65.544463] Flag: 200000001, To_Addr:  34ce0
[   65.544464] Flag: 117a8a, To_Addr:  200000001
[   65.544464] Flag: 35d60, To_Addr:  117a97
[   65.544465] Flag: 200000001, To_Addr:  35d71
[   65.544465] Flag: 117aa4, To_Addr:  200000001
[   65.544465] Flag: 35d7e, To_Addr:  117ab3
[   65.544466] Flag: 200000001, To_Addr:  34d13
[   65.544466] Flag: 117ace, To_Addr:  1600000001
[   65.544467] Flag: 4c68, To_Addr:  117ad7
[   65.544467] Flag: 200000001, To_Addr:  34d37
[   65.544468] Flag: 117ae9, To_Addr:  200000001
[   65.544468] Flag: 34d46, To_Addr:  117af1
[   65.544469] Flag: 230000000a, To_Addr:  1ae00
[   65.544469] Flag: 117b07, To_Addr:  230000000a
[   65.544470] Flag: 1ae00, To_Addr:  117b10
[   65.544470] Flag: 220000000a, To_Addr:  382a6
[   65.544471] Flag: 117b19, To_Addr:  220000000a
[   65.544471] Flag: 38374, To_Addr:  117b28
[   65.544472] Flag: 200000001, To_Addr:  34e86
[   65.544472] Flag: 117b37, To_Addr:  a00000001
[   65.544473] Flag: 3ca0, To_Addr:  117b44
[   65.544473] Flag: 200000001, To_Addr:  34d46
[   65.544474] Flag: 117b4c, To_Addr:  230000000a
[   65.544474] Flag: 1aee0, To_Addr:  117b66
[   65.544474] Flag: 200000001, To_Addr:  34d46
[   65.544475] Flag: 117b8d, To_Addr:  200000001
[   65.544475] Flag: 34d60, To_Addr:  117b95
[   65.544476] Flag: 230000000a, To_Addr:  1af50
[   65.544476] Flag: 117bb0, To_Addr:  200000001
[   65.544477] Flag: 35235, To_Addr:  117bb8
[   65.544477] Flag: 230000000a, To_Addr:  1af80
[   65.544478] Flag: 117bcf, To_Addr:  200000001
[   65.544478] Flag: 34dba, To_Addr:  117bdc
[   65.544479] Flag: 200000001, To_Addr:  3528b
[   65.544479] Flag: 117bee, To_Addr:  200000001
[   65.544480] Flag: 34dba, To_Addr:  117bf6
[   65.544480] Flag: 230000000a, To_Addr:  1afb0
[   65.544481] Flag: 117c0c, To_Addr:  230000000a
[   65.544481] Flag: 1afb0, To_Addr:  117c15
[   65.544481] Flag: 220000000a, To_Addr:  38442
[   65.544482] Flag: 117c23, To_Addr:  220000000a
[   65.544482] Flag: 3848b, To_Addr:  117c2c
[   65.544483] Flag: 200000001, To_Addr:  34dba
[   65.544483] Flag: 117c34, To_Addr:  230000000a
[   65.544484] Flag: 1b010, To_Addr:  117c4b
[   65.544484] Flag: 200000001, To_Addr:  353a8
[   65.544485] Flag: 117c58, To_Addr:  200000001
[   65.544485] Flag: 353d2, To_Addr:  117c67
[   65.544486] Flag: 230000000a, To_Addr:  1b040
[   65.544486] Flag: 117c77, To_Addr:  230000000a
[   65.544487] Flag: 1b0a0, To_Addr:  117c86
[   65.544487] Flag: 1600000001, To_Addr:  4b50
[   65.544488] Flag: 117c8f, To_Addr:  200000001
[   65.544488] Flag: 35dd5, To_Addr:  117ca2
[   65.544489] Flag: 200000001, To_Addr:  357e0
[   65.544489] Flag: 117caa, To_Addr:  230000000a
[   65.544489] Flag: 1b0d0, To_Addr:  117cc1
[   65.544490] Flag: 230000000a, To_Addr:  1b0d0
[   65.544490] Flag: 117cd1, To_Addr:  a00000001
[   65.544491] Flag: 3c90, To_Addr:  117cda
[   65.544491] Flag: 230000000a, To_Addr:  1b110
[   65.544492] Flag: 117ce9, To_Addr:  1600000001
[   65.544492] Flag: 4b00, To_Addr:  117cf2
[   65.544493] Flag: 200000001, To_Addr:  3598e
[   65.544493] Flag: 117d00, To_Addr:  230000000a
[   65.544494] Flag: 1b140, To_Addr:  117d0f
[   65.544494] Flag: 1600000001, To_Addr:  4ab0
[   65.544495] Flag: 117d18, To_Addr:  200000001
[   65.544495] Flag: 35b47, To_Addr:  117d2a
[   65.544496] Flag: 200000001, To_Addr:  35856
[   65.544496] Flag: 117d32, To_Addr:  230000000a
[   65.544497] Flag: 1b170, To_Addr:  117d49
[   65.544497] Flag: 200000001, To_Addr:  358f3
[   65.544497] Flag: 117d64, To_Addr:  1600000001
[   65.544498] Flag: 4ad8, To_Addr:  117d71
[   65.544498] Flag: 200000001, To_Addr:  358fc
[   65.544499] Flag: 117d79, To_Addr:  230000000a
[   65.544499] Flag: 1b1a0, To_Addr:  117d90
[   65.544500] Flag: 200000001, To_Addr:  35930
[   65.544500] Flag: 117da2, To_Addr:  200000001
[   65.544501] Flag: 35930, To_Addr:  117daa
[   65.544501] Flag: 230000000a, To_Addr:  1b1d0
[   65.544502] Flag: 117dc1, To_Addr:  200000001
[   65.544502] Flag: 357fa, To_Addr:  117dce
[   65.544503] Flag: 200000001, To_Addr:  35814
[   65.544503] Flag: 117ddb, To_Addr:  200000001
[   65.544504] Flag: 35851, To_Addr:  117de8
[   65.544504] Flag: 200000001, To_Addr:  358f3
[   65.544504] Flag: 117df5, To_Addr:  200000001
[   65.544505] Flag: 35962, To_Addr:  117e05
[   65.544505] Flag: 230000000a, To_Addr:  1b200
[   65.544506] Flag: 117e13, To_Addr:  230000000a
[   65.544506] Flag: 1b240, To_Addr:  117e22
[   65.544507] Flag: 1600000001, To_Addr:  4b28
[   65.544507] Flag: 117e2b, To_Addr:  200000001
[   65.544508] Flag: 35ec7, To_Addr:  117e39
[   65.544508] Flag: 200000001, To_Addr:  34e6c
[   65.544509] Flag: 117e46, To_Addr:  200000001
[   65.544509] Flag: 34e81, To_Addr:  117e53
[   65.544510] Flag: 200000001, To_Addr:  35356
[   65.544510] Flag: 117e60, To_Addr:  200000001
[   65.544511] Flag: 35363, To_Addr:  117e70
[   65.544511] Flag: 200000001, To_Addr:  34e86
[   65.544511] Flag: 117e8b, To_Addr:  1600000001
[   65.544512] Flag: 4c18, To_Addr:  117e94
[   65.544512] Flag: 200000001, To_Addr:  34eae
[   65.544513] Flag: 117ea6, To_Addr:  200000001
[   65.544513] Flag: 3537f, To_Addr:  117ec3
[   65.544514] Flag: 200000001, To_Addr:  35392
[   65.544514] Flag: 117ed1, To_Addr:  200000001
[   65.544515] Flag: 3401b, To_Addr:  117ede
[   65.544515] Flag: 200000001, To_Addr:  3405f
[   65.544516] Flag: 117eeb, To_Addr:  200000001
[   65.544516] Flag: 34b5c, To_Addr:  117ef8
[   65.544517] Flag: 200000001, To_Addr:  35373
[   65.544517] Flag: 117f0b, To_Addr:  200000001
[   65.544518] Flag: 3406d, To_Addr:  117f13
[   65.544518] Flag: 230000000a, To_Addr:  1b270
[   65.544518] Flag: 117f29, To_Addr:  230000000a
[   65.544519] Flag: 1b270, To_Addr:  117f37
[   65.544519] Flag: 220000000a, To_Addr:  384fa
[   65.544520] Flag: 117f40, To_Addr:  220000000a
[   65.544520] Flag: 38627, To_Addr:  117f49
[   65.544521] Flag: 220000000a, To_Addr:  38767
[   65.544521] Flag: 117f53, To_Addr:  200000001
[   65.544522] Flag: 3418c, To_Addr:  117f62
[   65.544522] Flag: a00000001, To_Addr:  3d90
[   65.544523] Flag: 117f6f, To_Addr:  200000001
[   65.544523] Flag: 3406d, To_Addr:  117f77
[   65.544524] Flag: 230000000a, To_Addr:  1b2e0
[   65.544524] Flag: 117f97, To_Addr:  230000000a
[   65.544525] Flag: 1b2e0, To_Addr:  117fa5
[   65.544525] Flag: 200000001, To_Addr:  3406d
[   65.544526] Flag: 117fad, To_Addr:  230000000a
[   65.544526] Flag: 1b360, To_Addr:  117fcd
[   65.544526] Flag: 230000000a, To_Addr:  1b360
[   65.544527] Flag: 117fd6, To_Addr:  220000000a
[   65.544527] Flag: 387b0, To_Addr:  117fed
[   65.544528] Flag: 220000000a, To_Addr:  38832
[   65.544528] Flag: 117ff6, To_Addr:  220000000a
[   65.544529] Flag: 3888e, To_Addr:  117fff
[   65.544529] Flag: 220000000a, To_Addr:  388ea
[   65.544530] Flag: 118008, To_Addr:  220000000a
[   65.544530] Flag: 38946, To_Addr:  118018
[   65.544531] Flag: a00000001, To_Addr:  3d70
[   65.544531] Flag: 118021, To_Addr:  230000000a
[   65.544532] Flag: 1b390, To_Addr:  118030
[   65.544532] Flag: 1600000001, To_Addr:  4d08
[   65.544533] Flag: 118039, To_Addr:  200000001
[   65.544533] Flag: 36574, To_Addr:  11804b
[   65.544533] Flag: 200000001, To_Addr:  340c2
[   65.544534] Flag: 118053, To_Addr:  230000000a
[   65.544534] Flag: 1b3d0, To_Addr:  118073
[   65.544535] Flag: 230000000a, To_Addr:  1b3d0
[   65.544535] Flag: 11807c, To_Addr:  220000000a
[   65.544536] Flag: 3897c, To_Addr:  118083
[   65.544536] Flag: 200000001, To_Addr:  34147
[   65.544537] Flag: 11809c, To_Addr:  220000000a
[   65.544537] Flag: 389b2, To_Addr:  1180a1
[   65.544538] Flag: 200000001, To_Addr:  34161
[   65.544538] Flag: 1180ae, To_Addr:  200000001
[   65.544539] Flag: 3418c, To_Addr:  1180bc
[   65.544539] Flag: 200000001, To_Addr:  34147
[   65.544540] Flag: 1180c9, To_Addr:  200000001
[   65.544540] Flag: 36528, To_Addr:  1180dc
[   65.544540] Flag: 200000001, To_Addr:  35f20
[   65.544541] Flag: 1180e4, To_Addr:  230000000a
[   65.544541] Flag: 1b400, To_Addr:  118104
[   65.544542] Flag: 230000000a, To_Addr:  1b400
[   65.544542] Flag: 118112, To_Addr:  220000000a
[   65.544543] Flag: 389d5, To_Addr:  118120
[   65.544543] Flag: 220000000a, To_Addr:  38a6a
[   65.544544] Flag: 118129, To_Addr:  220000000a
[   65.544544] Flag: 38aec, To_Addr:  118134
[   65.544545] Flag: a00000001, To_Addr:  3d10
[   65.544545] Flag: 11813d, To_Addr:  230000000a
[   65.544546] Flag: 1b430, To_Addr:  11814c
[   65.544546] Flag: 1600000001, To_Addr:  4c90
[   65.544547] Flag: 118155, To_Addr:  200000001
[   65.544547] Flag: 35f57, To_Addr:  118167
[   65.544548] Flag: 200000001, To_Addr:  36815
[   65.544548] Flag: 118184, To_Addr:  200000001
[   65.544549] Flag: 36821, To_Addr:  118196
[   65.544549] Flag: 200000001, To_Addr:  36841
[   65.544550] Flag: 1181b3, To_Addr:  200000001
[   65.544550] Flag: 3684d, To_Addr:  1181c1
[   65.544550] Flag: 200000001, To_Addr:  35f61
[   65.544551] Flag: 1181ce, To_Addr:  200000001
[   65.544551] Flag: 35faa, To_Addr:  1181db
[   65.544552] Flag: 200000001, To_Addr:  35fb5
[   65.544552] Flag: 1181e8, To_Addr:  200000001
[   65.544553] Flag: 36834, To_Addr:  1181f5
[   65.544553] Flag: 200000001, To_Addr:  36841
[   65.544554] Flag: 118208, To_Addr:  200000001
[   65.544554] Flag: 35fcc, To_Addr:  118210
[   65.544555] Flag: 230000000a, To_Addr:  1b460
[   65.544555] Flag: 118230, To_Addr:  230000000a
[   65.544556] Flag: 1b460, To_Addr:  118247
[   65.544556] Flag: 220000000a, To_Addr:  38b5b
[   65.544557] Flag: 118250, To_Addr:  220000000a
[   65.544557] Flag: 38bca, To_Addr:  118260
[   65.544557] Flag: a00000001, To_Addr:  3f10
[   65.544558] Flag: 118269, To_Addr:  230000000a
[   65.544558] Flag: 1b4a0, To_Addr:  118278
[   65.544559] Flag: 1600000001, To_Addr:  4f60
[   65.544559] Flag: 118281, To_Addr:  200000001
[   65.544560] Flag: 3672f, To_Addr:  118293
[   65.544560] Flag: 200000001, To_Addr:  3673e
[   65.544561] Flag: 1182b5, To_Addr:  200000001
[   65.544561] Flag: 3673e, To_Addr:  1182ca
[   65.544562] Flag: 220000000a, To_Addr:  38c13
[   65.544562] Flag: 1182cf, To_Addr:  200000001
[   65.544563] Flag: 36760, To_Addr:  1182e4
[   65.544563] Flag: 220000000a, To_Addr:  38c95
[   65.544564] Flag: 1182f0, To_Addr:  200000001
[   65.544564] Flag: 36786, To_Addr:  1182f8
[   65.544565] Flag: 230000000a, To_Addr:  1b4d0
[   65.544565] Flag: 118318, To_Addr:  230000000a
[   65.544566] Flag: 1b4d0, To_Addr:  118326
[   65.544566] Flag: 200000001, To_Addr:  367b3
[   65.544567] Flag: 118339, To_Addr:  200000001
[   65.544567] Flag: 368fa, To_Addr:  118356
[   65.544568] Flag: 200000001, To_Addr:  36909
[   65.544568] Flag: 118368, To_Addr:  200000001
[   65.544568] Flag: 3695b, To_Addr:  118385
[   65.544569] Flag: 200000001, To_Addr:  36963
[   65.544569] Flag: 118393, To_Addr:  200000001
[   65.544570] Flag: 3673e, To_Addr:  1183a0
[   65.544570] Flag: 200000001, To_Addr:  36782
[   65.544571] Flag: 1183ad, To_Addr:  200000001
[   65.544571] Flag: 368ec, To_Addr:  1183ba
[   65.544572] Flag: 200000001, To_Addr:  36939
[   65.544572] Flag: 1183c7, To_Addr:  200000001
[   65.544573] Flag: 3694e, To_Addr:  1183d4
[   65.544573] Flag: 200000001, To_Addr:  3695b
[   65.544574] Flag: 1183e1, To_Addr:  200000001
[   65.544574] Flag: 36978, To_Addr:  1183f4
[   65.544575] Flag: 200000001, To_Addr:  36008
[   65.544575] Flag: 1183fc, To_Addr:  230000000a
[   65.544576] Flag: 1b500, To_Addr:  11841c
[   65.544576] Flag: 230000000a, To_Addr:  1b500
[   65.544577] Flag: 11842a, To_Addr:  220000000a
[   65.544577] Flag: 38cb8, To_Addr:  118433
[   65.544578] Flag: 220000000a, To_Addr:  38d14
[   65.544578] Flag: 11843c, To_Addr:  220000000a
[   65.544579] Flag: 38d4a, To_Addr:  118445
[   65.544579] Flag: 220000000a, To_Addr:  38db9
[   65.544580] Flag: 11844e, To_Addr:  220000000a
[   65.544580] Flag: 38e28, To_Addr:  118457
[   65.544581] Flag: 220000000a, To_Addr:  38e97
[   65.544581] Flag: 11846a, To_Addr:  220000000a
[   65.544582] Flag: 38f2c, To_Addr:  118474
[   65.544582] Flag: 200000001, To_Addr:  365f8
[   65.544583] Flag: 118483, To_Addr:  a00000001
[   65.544583] Flag: 3d50, To_Addr:  11848c
[   65.544583] Flag: 200000001, To_Addr:  36052
[   65.544584] Flag: 1184a7, To_Addr:  1600000001
[   65.544584] Flag: 4ce0, To_Addr:  1184b0
[   65.544585] Flag: 200000001, To_Addr:  36087
[   65.544585] Flag: 1184c2, To_Addr:  200000001
[   65.544586] Flag: 360ac, To_Addr:  1184e4
[   65.544586] Flag: 200000001, To_Addr:  360ac
[   65.544587] Flag: 1184f9, To_Addr:  220000000a
[   65.544587] Flag: 38f4f, To_Addr:  1184fe
[   65.544588] Flag: 200000001, To_Addr:  360c4
[   65.544588] Flag: 118513, To_Addr:  220000000a
[   65.544589] Flag: 38ff7, To_Addr:  11851f
[   65.544589] Flag: 200000001, To_Addr:  365bb
[   65.544590] Flag: 11853c, To_Addr:  200000001
[   65.544590] Flag: 365ce, To_Addr:  11854e
[   65.544591] Flag: 200000001, To_Addr:  365f0
[   65.544591] Flag: 11856b, To_Addr:  200000001
[   65.544591] Flag: 365f8, To_Addr:  11857d
[   65.544592] Flag: 200000001, To_Addr:  3660d
[   65.544592] Flag: 118585, To_Addr:  230000000a
[   65.544593] Flag: 1b530, To_Addr:  118596
[   65.544593] Flag: 200000001, To_Addr:  3663b
[   65.544594] Flag: 1185a8, To_Addr:  200000001
[   65.544594] Flag: 3665b, To_Addr:  1185cb
[   65.544595] Flag: 200000001, To_Addr:  3609d
[   65.544595] Flag: 1185d8, To_Addr:  200000001
[   65.544596] Flag: 365f0, To_Addr:  1185e5
[   65.544596] Flag: 200000001, To_Addr:  36604
[   65.544597] Flag: 1185f2, To_Addr:  200000001
[   65.544597] Flag: 3666c, To_Addr:  118605
[   65.544598] Flag: 200000001, To_Addr:  360e2
[   65.544598] Flag: 11860d, To_Addr:  230000000a
[   65.544598] Flag: 1b560, To_Addr:  11862d
[   65.544599] Flag: 230000000a, To_Addr:  1b560
[   65.544599] Flag: 118644, To_Addr:  220000000a
[   65.544600] Flag: 3901a, To_Addr:  11864d
[   65.544600] Flag: 220000000a, To_Addr:  3909c
[   65.544601] Flag: 118656, To_Addr:  220000000a
[   65.544601] Flag: 3911e, To_Addr:  11865f
[   65.544602] Flag: 220000000a, To_Addr:  39154
[   65.544602] Flag: 118668, To_Addr:  220000000a
[   65.544603] Flag: 391c3, To_Addr:  118671
[   65.544603] Flag: 220000000a, To_Addr:  39232
[   65.544604] Flag: 11867a, To_Addr:  220000000a
[   65.544604] Flag: 3928e, To_Addr:  118683
[   65.544605] Flag: 220000000a, To_Addr:  392ea
[   65.544605] Flag: 11868c, To_Addr:  220000000a
[   65.544606] Flag: 39346, To_Addr:  1186a3
[   65.544606] Flag: a00000001, To_Addr:  3d30
[   65.544606] Flag: 1186ac, To_Addr:  200000001
[   65.544607] Flag: 36129, To_Addr:  1186c7
[   65.544607] Flag: 1600000001, To_Addr:  4cb8
[   65.544608] Flag: 1186d0, To_Addr:  200000001
[   65.544608] Flag: 3615e, To_Addr:  1186e2
[   65.544609] Flag: 200000001, To_Addr:  3619b
[   65.544609] Flag: 1186ff, To_Addr:  200000001
[   65.544610] Flag: 361af, To_Addr:  118711
[   65.544610] Flag: 200000001, To_Addr:  361c7
[   65.544611] Flag: 118733, To_Addr:  200000001
[   65.544611] Flag: 361c7, To_Addr:  118748
[   65.544612] Flag: 220000000a, To_Addr:  393b5
[   65.544612] Flag: 11874d, To_Addr:  200000001
[   65.544613] Flag: 361eb, To_Addr:  118762
[   65.544613] Flag: 220000000a, To_Addr:  393fe
[   65.544613] Flag: 11876e, To_Addr:  200000001
[   65.544614] Flag: 3621e, To_Addr:  11878f
[   65.544614] Flag: 200000001, To_Addr:  3624d
[   65.544615] Flag: 118797, To_Addr:  230000000a
[   65.544615] Flag: 1b5b0, To_Addr:  1187ad
[   65.544616] Flag: 200000001, To_Addr:  36258
[   65.544616] Flag: 1187b5, To_Addr:  230000000a
[   65.544617] Flag: 1b5e0, To_Addr:  1187c4
[   65.544617] Flag: 200000001, To_Addr:  3626b
[   65.544618] Flag: 1187e5, To_Addr:  200000001
[   65.544618] Flag: 3629c, To_Addr:  11880c
[   65.544619] Flag: 200000001, To_Addr:  362af
[   65.544619] Flag: 118833, To_Addr:  200000001
[   65.544620] Flag: 362c5, To_Addr:  11883b
[   65.544620] Flag: 230000000a, To_Addr:  1b610
[   65.544620] Flag: 118855, To_Addr:  200000001
[   65.544621] Flag: 362c5, To_Addr:  11885d
[   65.544621] Flag: 230000000a, To_Addr:  1b610
[   65.544622] Flag: 118874, To_Addr:  200000001
[   65.544622] Flag: 362e0, To_Addr:  11887c
[   65.544623] Flag: 230000000a, To_Addr:  1b640
[   65.544623] Flag: 118896, To_Addr:  200000001
[   65.544624] Flag: 362e0, To_Addr:  11889e
[   65.544624] Flag: 230000000a, To_Addr:  1b640
[   65.544625] Flag: 1188b5, To_Addr:  200000001
[   65.544625] Flag: 3635d, To_Addr:  1188bd
[   65.544626] Flag: 230000000a, To_Addr:  1b670
[   65.544626] Flag: 1188d8, To_Addr:  230000000a
[   65.544626] Flag: 1b670, To_Addr:  1188e3
[   65.544627] Flag: a00000001, To_Addr:  4540
[   65.544627] Flag: 1188ec, To_Addr:  230000000a
[   65.544628] Flag: 1b6b0, To_Addr:  1188fb
[   65.544628] Flag: 1600000001, To_Addr:  5a78
[   65.544629] Flag: 118908, To_Addr:  200000001
[   65.544629] Flag: 364c4, To_Addr:  118926
[   65.544630] Flag: 200000001, To_Addr:  364ff
[   65.544630] Flag: 118938, To_Addr:  200000001
[   65.544631] Flag: 36397, To_Addr:  11895e
[   65.544631] Flag: 200000001, To_Addr:  36397
[   65.544632] Flag: 118981, To_Addr:  200000001
[   65.544632] Flag: 363b6, To_Addr:  118990
[   65.544633] Flag: 200000001, To_Addr:  3638b
[   65.544633] Flag: 11899d, To_Addr:  200000001
[   65.544634] Flag: 36397, To_Addr:  1189b0
[   65.544634] Flag: 200000001, To_Addr:  363c2
[   65.544634] Flag: 1189d7, To_Addr:  200000001
[   65.544635] Flag: 363d1, To_Addr:  1189f4
[   65.544635] Flag: 200000001, To_Addr:  363e0
[   65.544636] Flag: 118a06, To_Addr:  200000001
[   65.544636] Flag: 363e0, To_Addr:  118a0e
[   65.544637] Flag: 230000000a, To_Addr:  1b6f0
[   65.544637] Flag: 118a1f, To_Addr:  200000001
[   65.544638] Flag: 363e9, To_Addr:  118a2c
[   65.544638] Flag: 200000001, To_Addr:  3642d
[   65.544639] Flag: 118a39, To_Addr:  200000001
[   65.544639] Flag: 364ae, To_Addr:  118a47
[   65.544640] Flag: 200000001, To_Addr:  3617c
[   65.544640] Flag: 118a54, To_Addr:  200000001
[   65.544640] Flag: 3619b, To_Addr:  118a61
[   65.544641] Flag: 200000001, To_Addr:  361bf
[   65.544641] Flag: 118a6e, To_Addr:  200000001
[   65.544642] Flag: 3633f, To_Addr:  118a7b
[   65.544642] Flag: 200000001, To_Addr:  363f2
[   65.544643] Flag: 118a88, To_Addr:  200000001
[   65.544643] Flag: 363fa, To_Addr:  118a95
[   65.544644] Flag: 200000001, To_Addr:  36436
[   65.544644] Flag: 118aa2, To_Addr:  200000001
[   65.544645] Flag: 3643e, To_Addr:  118aaf
[   65.544645] Flag: 200000001, To_Addr:  36486
[   65.544646] Flag: 118abc, To_Addr:  200000001
[   65.544646] Flag: 36498, To_Addr:  118ac9
[   65.544647] Flag: 200000001, To_Addr:  364b7
[   65.544647] Flag: 118ad6, To_Addr:  200000001
[   65.544647] Flag: 364bf, To_Addr:  118ae9
[   65.544648] Flag: 200000001, To_Addr:  3666e
[   65.544648] Flag: 118af1, To_Addr:  230000000a
[   65.544649] Flag: 1b730, To_Addr:  118b11
[   65.544649] Flag: 230000000a, To_Addr:  1b730
[   65.544650] Flag: 118b26, To_Addr:  220000000a
[   65.544650] Flag: 39421, To_Addr:  118b36
[   65.544651] Flag: a00000001, To_Addr:  3ef0
[   65.544651] Flag: 118b3f, To_Addr:  230000000a
[   65.544652] Flag: 1b760, To_Addr:  118b4e
[   65.544652] Flag: 1600000001, To_Addr:  4f38
[   65.544653] Flag: 118b57, To_Addr:  200000001
[   65.544653] Flag: 366a3, To_Addr:  118b69
[   65.544654] Flag: 200000001, To_Addr:  366b2
[   65.544654] Flag: 118b8b, To_Addr:  200000001
[   65.544654] Flag: 366b2, To_Addr:  118ba0
[   65.544655] Flag: 220000000a, To_Addr:  394a3
[   65.544655] Flag: 118ba5, To_Addr:  200000001
[   65.544656] Flag: 366d4, To_Addr:  118bba
[   65.544656] Flag: 220000000a, To_Addr:  39525
[   65.544657] Flag: 118bc6, To_Addr:  200000001
[   65.544657] Flag: 367bd, To_Addr:  118be3
[   65.544658] Flag: 200000001, To_Addr:  367cc
[   65.544658] Flag: 118bf5, To_Addr:  200000001
[   65.544659] Flag: 367de, To_Addr:  118c12
[   65.544659] Flag: 200000001, To_Addr:  367e6
[   65.544660] Flag: 118c20, To_Addr:  200000001
[   65.544660] Flag: 366b2, To_Addr:  118c2d
[   65.544660] Flag: 200000001, To_Addr:  367d4
[   65.544661] Flag: 118c3a, To_Addr:  200000001
[   65.544661] Flag: 367de, To_Addr:  118c47
[   65.544662] Flag: 200000001, To_Addr:  367fb
[   65.544662] Flag: 118c54, To_Addr:  200000001
[   65.544663] Flag: 36803, To_Addr:  118c67
[   65.544663] Flag: 200000001, To_Addr:  3685c
[   65.544664] Flag: 118c93, To_Addr:  200000001
[   65.544664] Flag: 3685c, To_Addr:  118cb3
[   65.544665] Flag: 200000001, To_Addr:  368e4
[   65.544665] Flag: 118cc0, To_Addr:  200000001
[   65.544666] Flag: 3687a, To_Addr:  118cc8
[   65.544666] Flag: 230000000a, To_Addr:  1b790
[   65.544667] Flag: 118cde, To_Addr:  230000000a
[   65.544667] Flag: 1b790, To_Addr:  118ce7
[   65.544667] Flag: 220000000a, To_Addr:  39548
[   65.544668] Flag: 118cec, To_Addr:  200000001
[   65.544668] Flag: 3689c, To_Addr:  118d01
[   65.544669] Flag: 220000000a, To_Addr:  395b7
[   65.544669] Flag: 118d0d, To_Addr:  200000001
[   65.544670] Flag: 368bf, To_Addr:  118d2a
[   65.544670] Flag: 200000001, To_Addr:  368cf
[   65.544671] Flag: 118d3c, To_Addr:  200000001
[   65.544671] Flag: 368dc, To_Addr:  118d59
[   65.544672] Flag: 200000001, To_Addr:  368e4
[   65.544672] Flag: 118d67, To_Addr:  200000001
[   65.544673] Flag: 36876, To_Addr:  118d74
[   65.544673] Flag: 200000001, To_Addr:  368dc
[   65.544674] Flag: 118d83, To_Addr:  200000001
[   65.544674] Flag: 36598, To_Addr:  118d92
[   65.544674] Flag: 230000000a, To_Addr:  1b7c0
[   65.544675] Flag: 118da1, To_Addr:  1600000001
[   65.544675] Flag: 4d58, To_Addr:  118daa
[   65.544676] Flag: 200000001, To_Addr:  35e02
[   65.544676] Flag: 118db8, To_Addr:  200000001
[   65.544677] Flag: 341ea, To_Addr:  118dd3
[   65.544677] Flag: 1600000001, To_Addr:  4d30
[   65.544678] Flag: 118ddc, To_Addr:  200000001
[   65.544678] Flag: 34208, To_Addr:  118dea
[   65.544679] Flag: 200000001, To_Addr:  35fd1
[   65.544679] Flag: 118e08, To_Addr:  200000001
[   65.544680] Flag: 35fdf, To_Addr:  118e15
[   65.544680] Flag: 200000001, To_Addr:  36003
[   65.544681] Flag: 118e23, To_Addr:  200000001
[   65.544681] Flag: 34194, To_Addr:  118e30
[   65.544681] Flag: 200000001, To_Addr:  341c7
[   65.544682] Flag: 118e43, To_Addr:  200000001
[   65.544682] Flag: 3420a, To_Addr:  118e4b
[   65.544683] Flag: 230000000a, To_Addr:  1b7f0
[   65.544683] Flag: 118e65, To_Addr:  200000001
[   65.544684] Flag: 3420a, To_Addr:  118e6d
[   65.544684] Flag: 230000000a, To_Addr:  1b7f0
[   65.544685] Flag: 118e84, To_Addr:  200000001
[   65.544685] Flag: 34253, To_Addr:  118e8c
[   65.544686] Flag: 230000000a, To_Addr:  1b830
[   65.544686] Flag: 118ea7, To_Addr:  230000000a
[   65.544687] Flag: 1b830, To_Addr:  118eb0
[   65.544687] Flag: 220000000a, To_Addr:  395da
[   65.544688] Flag: 118eb9, To_Addr:  220000000a
[   65.544688] Flag: 3965c, To_Addr:  118ec3
[   65.544689] Flag: 200000001, To_Addr:  342b0
[   65.544689] Flag: 118ed8, To_Addr:  a00000001
[   65.544690] Flag: 3db0, To_Addr:  118ee1
[   65.544690] Flag: 230000000a, To_Addr:  1b870
[   65.544691] Flag: 118ef0, To_Addr:  1600000001
[   65.544691] Flag: 4d80, To_Addr:  118ef9
[   65.544692] Flag: 200000001, To_Addr:  35c22
[   65.544692] Flag: 118f0b, To_Addr:  200000001
[   65.544693] Flag: 350f5, To_Addr:  118f13
[   65.544693] Flag: 230000000a, To_Addr:  1b8a0
[   65.544694] Flag: 118f2a, To_Addr:  200000001
[   65.544694] Flag: 34279, To_Addr:  118f37
[   65.544695] Flag: 200000001, To_Addr:  342b8
[   65.544695] Flag: 118f44, To_Addr:  200000001
[   65.544696] Flag: 3512b, To_Addr:  118f57
[   65.544696] Flag: 200000001, To_Addr:  342bd
[   65.544696] Flag: 118f5f, To_Addr:  230000000a
[   65.544697] Flag: 1b8e0, To_Addr:  118f75
[   65.544698] Flag: 230000000a, To_Addr:  1b8e0
[   65.544698] Flag: 118f7e, To_Addr:  220000000a
[   65.544698] Flag: 396f1, To_Addr:  118f9a
[   65.544699] Flag: 220000000a, To_Addr:  39773
[   65.544699] Flag: 118fa4, To_Addr:  200000001
[   65.544700] Flag: 344e5, To_Addr:  118fb3
[   65.544700] Flag: a00000001, To_Addr:  4060
[   65.544701] Flag: 118fc0, To_Addr:  200000001
[   65.544701] Flag: 342bd, To_Addr:  118fc8
[   65.544702] Flag: 230000000a, To_Addr:  1ba00
[   65.544702] Flag: 118fde, To_Addr:  230000000a
[   65.544703] Flag: 1ba00, To_Addr:  118fe7
[   65.544703] Flag: 220000000a, To_Addr:  39a2f
[   65.544704] Flag: 118ff0, To_Addr:  220000000a
[   65.544704] Flag: 39a8b, To_Addr:  118ffb
[   65.544705] Flag: a00000001, To_Addr:  4051
[   65.544705] Flag: 119004, To_Addr:  230000000a
[   65.544706] Flag: 1ba40, To_Addr:  119013
[   65.544706] Flag: 1600000001, To_Addr:  5118
[   65.544706] Flag: 11901c, To_Addr:  200000001
[   65.544707] Flag: 35ac2, To_Addr:  11902a
[   65.544707] Flag: 200000001, To_Addr:  342f8
[   65.544708] Flag: 119043, To_Addr:  220000000a
[   65.544708] Flag: 39b0d, To_Addr:  119049
[   65.544709] Flag: 200000001, To_Addr:  3432b
[   65.544709] Flag: 119062, To_Addr:  220000000a
[   65.544710] Flag: 39b56, To_Addr:  119068
[   65.544710] Flag: 200000001, To_Addr:  342f8
[   65.544711] Flag: 119075, To_Addr:  200000001
[   65.544711] Flag: 34357, To_Addr:  119082
[   65.544712] Flag: 200000001, To_Addr:  3437b
[   65.544712] Flag: 11908f, To_Addr:  200000001
[   65.544713] Flag: 34392, To_Addr:  11909e
[   65.544713] Flag: 230000000a, To_Addr:  1ba80
[   65.544714] Flag: 1190a7, To_Addr:  220000000a
[   65.544714] Flag: 39b8c, To_Addr:  1190b0
[   65.544714] Flag: 200000001, To_Addr:  343b1
[   65.544715] Flag: 1190b8, To_Addr:  230000000a
[   65.544715] Flag: 1bbd0, To_Addr:  1190d8
[   65.544716] Flag: 230000000a, To_Addr:  1bbd0
[   65.544716] Flag: 1190e6, To_Addr:  200000001
[   65.544717] Flag: 343b1, To_Addr:  1190ee
[   65.544717] Flag: 230000000a, To_Addr:  1bd30
[   65.544718] Flag: 11910e, To_Addr:  230000000a
[   65.544718] Flag: 1bd30, To_Addr:  11911c
[   65.544719] Flag: 220000000a, To_Addr:  39d18
[   65.544719] Flag: 119127, To_Addr:  a00000001
[   65.544720] Flag: 3ed0, To_Addr:  119130
[   65.544720] Flag: 230000000a, To_Addr:  1bd90
[   65.544721] Flag: 119147, To_Addr:  200000001
[   65.544721] Flag: 352e0, To_Addr:  119155
[   65.544721] Flag: 230000000a, To_Addr:  1bdc0
[   65.544722] Flag: 119164, To_Addr:  1600000001
[   65.544722] Flag: 4f10, To_Addr:  11916d
[   65.544723] Flag: 200000001, To_Addr:  35b26
[   65.544723] Flag: 11917b, To_Addr:  200000001
[   65.544724] Flag: 34a1b, To_Addr:  119199
[   65.544724] Flag: 200000001, To_Addr:  34a45
[   65.544725] Flag: 1191a7, To_Addr:  200000001
[   65.544725] Flag: 3504b, To_Addr:  1191c5
[   65.544726] Flag: 220000000a, To_Addr:  39d87
[   65.544726] Flag: 1191d3, To_Addr:  200000001
[   65.544727] Flag: 35093, To_Addr:  1191f6
[   65.544727] Flag: 200000001, To_Addr:  3509b
[   65.544728] Flag: 11920a, To_Addr:  200000001
[   65.544728] Flag: 34418, To_Addr:  119212
[   65.544728] Flag: 230000000a, To_Addr:  1be00
[   65.544729] Flag: 119232, To_Addr:  230000000a
[   65.544729] Flag: 1be00, To_Addr:  119249
[   65.544730] Flag: 220000000a, To_Addr:  39daa
[   65.544730] Flag: 119252, To_Addr:  220000000a
[   65.544731] Flag: 39e3f, To_Addr:  11925b
[   65.544731] Flag: 220000000a, To_Addr:  39f6c
[   65.544732] Flag: 119264, To_Addr:  220000000a
[   65.544732] Flag: 39fa2, To_Addr:  11926e
[   65.544733] Flag: 200000001, To_Addr:  34496
[   65.544733] Flag: 11927d, To_Addr:  a00000001
[   65.544734] Flag: 3e90, To_Addr:  119286
[   65.544734] Flag: 230000000a, To_Addr:  1bea0
[   65.544735] Flag: 119295, To_Addr:  1600000001
[   65.544735] Flag: 4ec0, To_Addr:  11929e
[   65.544736] Flag: 200000001, To_Addr:  35a31
[   65.544736] Flag: 1192b0, To_Addr:  200000001
[   65.544736] Flag: 34471, To_Addr:  1192d7
[   65.544737] Flag: 200000001, To_Addr:  3447d
[   65.544737] Flag: 1192df, To_Addr:  230000000a
[   65.544738] Flag: 1bee0, To_Addr:  1192f0
[   65.544738] Flag: 230000000a, To_Addr:  1bee0
[   65.544739] Flag: 1192fb, To_Addr:  a00000001
[   65.544739] Flag: 3a72, To_Addr:  119304
[   65.544740] Flag: 230000000a, To_Addr:  1bf10
[   65.544740] Flag: 119313, To_Addr:  1600000001
[   65.544741] Flag: 42e0, To_Addr:  119320
[   65.544741] Flag: 200000001, To_Addr:  35bd0
[   65.544742] Flag: 11933e, To_Addr:  200000001
[   65.544742] Flag: 35bf7, To_Addr:  11934c
[   65.544743] Flag: 200000001, To_Addr:  34496
[   65.544743] Flag: 11935b, To_Addr:  230000000a
[   65.544744] Flag: 1bf40, To_Addr:  119368
[   65.544744] Flag: 220000000a, To_Addr:  39ffe
[   65.544744] Flag: 119376, To_Addr:  200000001
[   65.544745] Flag: 3464d, To_Addr:  11937e
[   65.544745] Flag: 230000000a, To_Addr:  1bf90
[   65.544746] Flag: 11939e, To_Addr:  230000000a
[   65.544746] Flag: 1bf90, To_Addr:  1193ac
[   65.544747] Flag: 200000001, To_Addr:  34668
[   65.544747] Flag: 1193bf, To_Addr:  200000001
[   65.544748] Flag: 35487, To_Addr:  1193c7
[   65.544748] Flag: 230000000a, To_Addr:  1bfc0
[   65.544749] Flag: 1193e2, To_Addr:  230000000a
[   65.544749] Flag: 1bfc0, To_Addr:  1193eb
[   65.544750] Flag: 220000000a, To_Addr:  3a034
[   65.544750] Flag: 1193f4, To_Addr:  220000000a
[   65.544751] Flag: 3a090, To_Addr:  1193fd
[   65.544751] Flag: 200000001, To_Addr:  3548e
[   65.544751] Flag: 11941a, To_Addr:  200000001
[   65.544752] Flag: 3548e, To_Addr:  11942f
[   65.544752] Flag: 200000001, To_Addr:  3548e
[   65.544753] Flag: 11944d, To_Addr:  200000001
[   65.544753] Flag: 35499, To_Addr:  119463
[   65.544754] Flag: 200000001, To_Addr:  35499
[   65.544754] Flag: 119479, To_Addr:  200000001
[   65.544755] Flag: 35499, To_Addr:  11948f
[   65.544755] Flag: 200000001, To_Addr:  35499
[   65.544756] Flag: 1194a9, To_Addr:  200000001
[   65.544756] Flag: 35499, To_Addr:  1194d2
[   65.544757] Flag: 200000001, To_Addr:  354a7
[   65.544757] Flag: 1194eb, To_Addr:  220000000a
[   65.544758] Flag: 3a112, To_Addr:  1194f0
[   65.544758] Flag: 200000001, To_Addr:  354ae
[   65.544759] Flag: 119506, To_Addr:  200000001
[   65.544759] Flag: 354ae, To_Addr:  11951c
[   65.544759] Flag: 200000001, To_Addr:  354ae
[   65.544760] Flag: 119532, To_Addr:  200000001
[   65.544760] Flag: 354ae, To_Addr:  11954c
[   65.544761] Flag: 200000001, To_Addr:  354ae
[   65.544761] Flag: 119579, To_Addr:  200000001
[   65.544762] Flag: 354c2, To_Addr:  11959b
[   65.544762] Flag: 200000001, To_Addr:  354ec
[   65.544763] Flag: 1195ad, To_Addr:  200000001
[   65.544763] Flag: 35505, To_Addr:  1195ca
[   65.544764] Flag: 200000001, To_Addr:  35505
[   65.544764] Flag: 1195e3, To_Addr:  200000001
[   65.544765] Flag: 35603, To_Addr:  1195fc
[   65.544765] Flag: 200000001, To_Addr:  35603
[   65.544766] Flag: 119613, To_Addr:  230000000a
[   65.544766] Flag: 1bff0, To_Addr:  119622
[   65.544766] Flag: 1600000001, To_Addr:  4e98
[   65.544767] Flag: 11962b, To_Addr:  200000001
[   65.544767] Flag: 35e7d, To_Addr:  119639
[   65.544768] Flag: 200000001, To_Addr:  3560b
[   65.544768] Flag: 11964b, To_Addr:  200000001
[   65.544769] Flag: 35541, To_Addr:  119653
[   65.544769] Flag: 230000000a, To_Addr:  1c020
[   65.544770] Flag: 119664, To_Addr:  230000000a
[   65.544770] Flag: 1c020, To_Addr:  11966f
[   65.544771] Flag: a00000001, To_Addr:  3a72
[   65.544771] Flag: 119678, To_Addr:  230000000a
[   65.544772] Flag: 1c050, To_Addr:  119687
[   65.544772] Flag: 1600000001, To_Addr:  42e0
[   65.544773] Flag: 119694, To_Addr:  200000001
[   65.544773] Flag: 35cad, To_Addr:  1196b2
[   65.544773] Flag: 200000001, To_Addr:  35cd4
[   65.544774] Flag: 1196c0, To_Addr:  200000001
[   65.544774] Flag: 3555a, To_Addr:  1196cf
[   65.544775] Flag: 200000001, To_Addr:  34463
[   65.544775] Flag: 1196dc, To_Addr:  200000001
[   65.544776] Flag: 344d1, To_Addr:  1196e9
[   65.544776] Flag: 200000001, To_Addr:  34ffc
[   65.544777] Flag: 1196f6, To_Addr:  200000001
[   65.544777] Flag: 35454, To_Addr:  119709
[   65.544778] Flag: 200000001, To_Addr:  34507
[   65.544778] Flag: 119711, To_Addr:  230000000a
[   65.544779] Flag: 1c080, To_Addr:  119731
[   65.544779] Flag: 230000000a, To_Addr:  1c080
[   65.544780] Flag: 11973f, To_Addr:  220000000a
[   65.544780] Flag: 3a148, To_Addr:  119748
[   65.544781] Flag: 220000000a, To_Addr:  3a17e
[   65.544781] Flag: 119758, To_Addr:  a00000001
[   65.544781] Flag: 3ef0, To_Addr:  119761
[   65.544782] Flag: 230000000a, To_Addr:  1c0c0
[   65.544782] Flag: 119770, To_Addr:  1600000001
[   65.544783] Flag: 4f38, To_Addr:  119779
[   65.544783] Flag: 200000001, To_Addr:  35a59
[   65.544784] Flag: 11978b, To_Addr:  200000001
[   65.544784] Flag: 34534, To_Addr:  1197ad
[   65.544785] Flag: 200000001, To_Addr:  34534
[   65.544785] Flag: 1197c2, To_Addr:  220000000a
[   65.544786] Flag: 3a1ed, To_Addr:  1197c7
[   65.544786] Flag: 200000001, To_Addr:  34534
[   65.544787] Flag: 1197e0, To_Addr:  220000000a
[   65.544787] Flag: 3a236, To_Addr:  1197e6
[   65.544788] Flag: 200000001, To_Addr:  34574
[   65.544788] Flag: 1197fb, To_Addr:  220000000a
[   65.544788] Flag: 3a292, To_Addr:  119807
[   65.544789] Flag: 200000001, To_Addr:  34ebc
[   65.544789] Flag: 119824, To_Addr:  200000001
[   65.544790] Flag: 34ed2, To_Addr:  119836
[   65.544790] Flag: 200000001, To_Addr:  34ee4
[   65.544791] Flag: 119853, To_Addr:  200000001
[   65.544791] Flag: 34ef3, To_Addr:  119861
[   65.544792] Flag: 200000001, To_Addr:  34534
[   65.544792] Flag: 11986e, To_Addr:  200000001
[   65.544793] Flag: 34590, To_Addr:  11987b
[   65.544793] Flag: 200000001, To_Addr:  34eda
[   65.544794] Flag: 119888, To_Addr:  200000001
[   65.544794] Flag: 34ee4, To_Addr:  119895
[   65.544795] Flag: 200000001, To_Addr:  34f08
[   65.544795] Flag: 1198a8, To_Addr:  200000001
[   65.544795] Flag: 34595, To_Addr:  1198b0
[   65.544796] Flag: 230000000a, To_Addr:  1c100
[   65.544796] Flag: 1198d0, To_Addr:  230000000a
[   65.544797] Flag: 1c100, To_Addr:  1198e7
[   65.544797] Flag: 220000000a, To_Addr:  3a2c8
[   65.544798] Flag: 1198f0, To_Addr:  220000000a
[   65.544798] Flag: 3a34a, To_Addr:  119900
[   65.544799] Flag: a00000001, To_Addr:  3f10
[   65.544799] Flag: 119909, To_Addr:  230000000a
[   65.544800] Flag: 1c140, To_Addr:  119918
[   65.544800] Flag: 1600000001, To_Addr:  4f60
[   65.544801] Flag: 119921, To_Addr:  200000001
[   65.544801] Flag: 35e2a, To_Addr:  119933
[   65.544802] Flag: 200000001, To_Addr:  345cd
[   65.544802] Flag: 119955, To_Addr:  200000001
[   65.544803] Flag: 345cd, To_Addr:  11996a
[   65.544803] Flag: 220000000a, To_Addr:  3a393
[   65.544803] Flag: 11996f, To_Addr:  230000000a
[   65.544804] Flag: 1c180, To_Addr:  11997c
[   65.544805] Flag: 220000000a, To_Addr:  3a3ef
[   65.544805] Flag: 119982, To_Addr:  200000001
[   65.544805] Flag: 3460d, To_Addr:  119997
[   65.544806] Flag: 220000000a, To_Addr:  3a44b
[   65.544806] Flag: 1199a3, To_Addr:  200000001
[   65.544807] Flag: 34630, To_Addr:  1199ab
[   65.544807] Flag: 230000000a, To_Addr:  1c1b0
[   65.544808] Flag: 1199cb, To_Addr:  230000000a
[   65.544808] Flag: 1c1b0, To_Addr:  1199df
[   65.544809] Flag: 200000001, To_Addr:  34f16
[   65.544809] Flag: 1199fc, To_Addr:  200000001
[   65.544810] Flag: 34f2c, To_Addr:  119a0a
[   65.544810] Flag: 200000001, To_Addr:  345cd
[   65.544811] Flag: 119a17, To_Addr:  200000001
[   65.544811] Flag: 34630, To_Addr:  119a24
[   65.544812] Flag: 200000001, To_Addr:  34f59
[   65.544812] Flag: 119a31, To_Addr:  200000001
[   65.544813] Flag: 34f6e, To_Addr:  119a44
[   65.544813] Flag: 200000001, To_Addr:  346ee
[   65.544814] Flag: 119a70, To_Addr:  200000001
[   65.544814] Flag: 346ee, To_Addr:  119a85
[   65.544815] Flag: 220000000a, To_Addr:  3a481
[   65.544815] Flag: 119a93, To_Addr:  200000001
[   65.544816] Flag: 34720, To_Addr:  119a9b
[   65.544816] Flag: 230000000a, To_Addr:  1c1e0
[   65.544817] Flag: 119ab6, To_Addr:  200000001
[   65.544817] Flag: 3473a, To_Addr:  119ad8
[   65.544817] Flag: 200000001, To_Addr:  3473a
[   65.544818] Flag: 119af1, To_Addr:  200000001
[   65.544818] Flag: 34720, To_Addr:  119afe
[   65.544819] Flag: 200000001, To_Addr:  34754
[   65.544819] Flag: 119b0b, To_Addr:  200000001
[   65.544820] Flag: 3475c, To_Addr:  119b18
[   65.544820] Flag: 200000001, To_Addr:  34774
[   65.544821] Flag: 119b2b, To_Addr:  200000001
[   65.544821] Flag: 34779, To_Addr:  119b57
[   65.544822] Flag: 200000001, To_Addr:  34779
[   65.544822] Flag: 119b6d, To_Addr:  200000001
[   65.544823] Flag: 347b2, To_Addr:  119b7a
[   65.544823] Flag: 200000001, To_Addr:  347c4
[   65.544824] Flag: 119b8d, To_Addr:  200000001
[   65.544824] Flag: 347c9, To_Addr:  119b95
[   65.544825] Flag: 230000000a, To_Addr:  1c210
[   65.544825] Flag: 119bb5, To_Addr:  230000000a
[   65.544826] Flag: 1c210, To_Addr:  119bc3
[   65.544826] Flag: 220000000a, To_Addr:  3a4f0
[   65.544827] Flag: 119bd5, To_Addr:  a00000001
[   65.544827] Flag: 3dd0, To_Addr:  119bde
[   65.544827] Flag: 230000000a, To_Addr:  1c250
[   65.544828] Flag: 119bed, To_Addr:  1600000001
[   65.544828] Flag: 4da8, To_Addr:  119bf6
[   65.544829] Flag: 200000001, To_Addr:  35aa1
[   65.544829] Flag: 119c08, To_Addr:  200000001
[   65.544830] Flag: 34804, To_Addr:  119c2a
[   65.544830] Flag: 200000001, To_Addr:  34804
[   65.544831] Flag: 119c3f, To_Addr:  ffffea000362aa80
[   65.544831] Flag: a, To_Addr:  ffffea00084a0e40
[   65.544832] Flag: ffff8800d8aaae00, To_Addr:  ffff8802129634c8
[   65.544832] Flag: ffffffff8179f789, To_Addr:  200000001
[   65.544833] Flag: ffff88021fa19990, To_Addr:  ffff880217000e00
[   65.544833] Flag: ffff880217001700, To_Addr:  b00011220
[   65.544834] Flag: ffff880217000e10, To_Addr:  200000001
[   65.544834] Flag: 3482f, To_Addr:  119c93
[   65.544835] Flag: 180100006, To_Addr:  350d8
[   65.544835] Flag: 119cb6, To_Addr:  200000001
[   65.544836] Flag: 347f1, To_Addr:  119cc3
[   65.544836] Flag: ffffea000362a900, To_Addr:  0
[   65.544837] Flag: ffff88021fa19980, To_Addr:  ffff880217001700
[   65.544837] Flag: ffffea00084a1c80, To_Addr:  ffff880212963598
[   65.544838] Flag: 96, To_Addr:  ffff880217000e00
[   65.544838] Flag: ffff880217001700, To_Addr:  900011220
[   65.544839] Flag: ffff880217000e10, To_Addr:  0
[   65.544839] Flag: ffff88021fa19990, To_Addr:  ffffffff0003a5bb
[   65.544840] Flag: ffffffff811782a5, To_Addr:  1122000000002
[   65.544840] Flag: 96, To_Addr:  119d27
